Archive member included to satisfy reference by file (symbol)

c:/st/stm32cubeide_1.4.0/stm32cubeide/plugins/com.st.stm32cube.ide.mcu.externaltools.gnu-tools-for-stm32.7-2018-q2-update.win32_1.4.0.202007081208/tools/bin/../lib/gcc/arm-none-eabi/7.3.1/../../../../arm-none-eabi/lib/thumb/v7e-m/fpv4-sp/hard\libc_nano.a(lib_a-errno.o)
                              Core/Src/syscalls.o (__errno)
c:/st/stm32cubeide_1.4.0/stm32cubeide/plugins/com.st.stm32cube.ide.mcu.externaltools.gnu-tools-for-stm32.7-2018-q2-update.win32_1.4.0.202007081208/tools/bin/../lib/gcc/arm-none-eabi/7.3.1/../../../../arm-none-eabi/lib/thumb/v7e-m/fpv4-sp/hard\libc_nano.a(lib_a-exit.o)
                              c:/st/stm32cubeide_1.4.0/stm32cubeide/plugins/com.st.stm32cube.ide.mcu.externaltools.gnu-tools-for-stm32.7-2018-q2-update.win32_1.4.0.202007081208/tools/bin/../lib/gcc/arm-none-eabi/7.3.1/../../../../arm-none-eabi/lib/thumb/v7e-m/fpv4-sp/hard/crt0.o (exit)
c:/st/stm32cubeide_1.4.0/stm32cubeide/plugins/com.st.stm32cube.ide.mcu.externaltools.gnu-tools-for-stm32.7-2018-q2-update.win32_1.4.0.202007081208/tools/bin/../lib/gcc/arm-none-eabi/7.3.1/../../../../arm-none-eabi/lib/thumb/v7e-m/fpv4-sp/hard\libc_nano.a(lib_a-impure.o)
                              c:/st/stm32cubeide_1.4.0/stm32cubeide/plugins/com.st.stm32cube.ide.mcu.externaltools.gnu-tools-for-stm32.7-2018-q2-update.win32_1.4.0.202007081208/tools/bin/../lib/gcc/arm-none-eabi/7.3.1/../../../../arm-none-eabi/lib/thumb/v7e-m/fpv4-sp/hard\libc_nano.a(lib_a-exit.o) (_global_impure_ptr)
c:/st/stm32cubeide_1.4.0/stm32cubeide/plugins/com.st.stm32cube.ide.mcu.externaltools.gnu-tools-for-stm32.7-2018-q2-update.win32_1.4.0.202007081208/tools/bin/../lib/gcc/arm-none-eabi/7.3.1/../../../../arm-none-eabi/lib/thumb/v7e-m/fpv4-sp/hard\libc_nano.a(lib_a-init.o)
                              c:/st/stm32cubeide_1.4.0/stm32cubeide/plugins/com.st.stm32cube.ide.mcu.externaltools.gnu-tools-for-stm32.7-2018-q2-update.win32_1.4.0.202007081208/tools/bin/../lib/gcc/arm-none-eabi/7.3.1/../../../../arm-none-eabi/lib/thumb/v7e-m/fpv4-sp/hard/crt0.o (__libc_init_array)
c:/st/stm32cubeide_1.4.0/stm32cubeide/plugins/com.st.stm32cube.ide.mcu.externaltools.gnu-tools-for-stm32.7-2018-q2-update.win32_1.4.0.202007081208/tools/bin/../lib/gcc/arm-none-eabi/7.3.1/../../../../arm-none-eabi/lib/thumb/v7e-m/fpv4-sp/hard\libc_nano.a(lib_a-malloc.o)
                              Middlewares/ST/STM32_USB_Device_Library/Class/MSC/Src/usbd_msc.o (malloc)
c:/st/stm32cubeide_1.4.0/stm32cubeide/plugins/com.st.stm32cube.ide.mcu.externaltools.gnu-tools-for-stm32.7-2018-q2-update.win32_1.4.0.202007081208/tools/bin/../lib/gcc/arm-none-eabi/7.3.1/../../../../arm-none-eabi/lib/thumb/v7e-m/fpv4-sp/hard\libc_nano.a(lib_a-memcpy-stub.o)
                              USB_DEVICE/App/usbd_storage_if.o (memcpy)
c:/st/stm32cubeide_1.4.0/stm32cubeide/plugins/com.st.stm32cube.ide.mcu.externaltools.gnu-tools-for-stm32.7-2018-q2-update.win32_1.4.0.202007081208/tools/bin/../lib/gcc/arm-none-eabi/7.3.1/../../../../arm-none-eabi/lib/thumb/v7e-m/fpv4-sp/hard\libc_nano.a(lib_a-memset.o)
                              c:/st/stm32cubeide_1.4.0/stm32cubeide/plugins/com.st.stm32cube.ide.mcu.externaltools.gnu-tools-for-stm32.7-2018-q2-update.win32_1.4.0.202007081208/tools/bin/../lib/gcc/arm-none-eabi/7.3.1/../../../../arm-none-eabi/lib/thumb/v7e-m/fpv4-sp/hard/crt0.o (memset)
c:/st/stm32cubeide_1.4.0/stm32cubeide/plugins/com.st.stm32cube.ide.mcu.externaltools.gnu-tools-for-stm32.7-2018-q2-update.win32_1.4.0.202007081208/tools/bin/../lib/gcc/arm-none-eabi/7.3.1/../../../../arm-none-eabi/lib/thumb/v7e-m/fpv4-sp/hard\libc_nano.a(lib_a-nano-freer.o)
                              c:/st/stm32cubeide_1.4.0/stm32cubeide/plugins/com.st.stm32cube.ide.mcu.externaltools.gnu-tools-for-stm32.7-2018-q2-update.win32_1.4.0.202007081208/tools/bin/../lib/gcc/arm-none-eabi/7.3.1/../../../../arm-none-eabi/lib/thumb/v7e-m/fpv4-sp/hard\libc_nano.a(lib_a-malloc.o) (_free_r)
c:/st/stm32cubeide_1.4.0/stm32cubeide/plugins/com.st.stm32cube.ide.mcu.externaltools.gnu-tools-for-stm32.7-2018-q2-update.win32_1.4.0.202007081208/tools/bin/../lib/gcc/arm-none-eabi/7.3.1/../../../../arm-none-eabi/lib/thumb/v7e-m/fpv4-sp/hard\libc_nano.a(lib_a-nano-mallocr.o)
                              c:/st/stm32cubeide_1.4.0/stm32cubeide/plugins/com.st.stm32cube.ide.mcu.externaltools.gnu-tools-for-stm32.7-2018-q2-update.win32_1.4.0.202007081208/tools/bin/../lib/gcc/arm-none-eabi/7.3.1/../../../../arm-none-eabi/lib/thumb/v7e-m/fpv4-sp/hard\libc_nano.a(lib_a-malloc.o) (_malloc_r)
c:/st/stm32cubeide_1.4.0/stm32cubeide/plugins/com.st.stm32cube.ide.mcu.externaltools.gnu-tools-for-stm32.7-2018-q2-update.win32_1.4.0.202007081208/tools/bin/../lib/gcc/arm-none-eabi/7.3.1/../../../../arm-none-eabi/lib/thumb/v7e-m/fpv4-sp/hard\libc_nano.a(lib_a-sbrkr.o)
[...]
Memory Configuration

Name             Origin             Length             Attributes
RAM              0x0000000020000000 0x0000000000018000 xrw
RAM2             0x0000000010000000 0x0000000000008000 xrw
FLASH            0x0000000008000000 0x0000000000100000 xr
*default*        0x0000000000000000 0xffffffffffffffff

Linker script and memory map

LOAD c:/st/stm32cubeide_1.4.0/stm32cubeide/plugins/com.st.stm32cube.ide.mcu.externaltools.gnu-tools-for-stm32.7-2018-q2-update.win32_1.4.0.202007081208/tools/bin/../lib/gcc/arm-none-eabi/7.3.1/thumb/v7e-m/fpv4-sp/hard/crti.o
LOAD c:/st/stm32cubeide_1.4.0/stm32cubeide/plugins/com.st.stm32cube.ide.mcu.externaltools.gnu-tools-for-stm32.7-2018-q2-update.win32_1.4.0.202007081208/tools/bin/../lib/gcc/arm-none-eabi/7.3.1/thumb/v7e-m/fpv4-sp/hard/crtbegin.o
LOAD c:/st/stm32cubeide_1.4.0/stm32cubeide/plugins/com.st.stm32cube.ide.mcu.externaltools.gnu-tools-for-stm32.7-2018-q2-update.win32_1.4.0.202007081208/tools/bin/../lib/gcc/arm-none-eabi/7.3.1/../../../../arm-none-eabi/lib/thumb/v7e-m/fpv4-sp/hard/crt0.o
LOAD Core/Src/main.o
LOAD Core/Src/stm32l4xx_hal_msp.o
LOAD Core/Src/stm32l4xx_it.o
LOAD Core/Src/syscalls.o
LOAD Core/Src/sysmem.o
LOAD Core/Src/system_stm32l4xx.o
LOAD Core/Startup/startup_stm32l476rgtx.o
LOAD Drivers/STM32L4xx_HAL_Driver/Src/stm32l4xx_hal.o
LOAD Drivers/STM32L4xx_HAL_Driver/Src/stm32l4xx_hal_cortex.o
LOAD Drivers/STM32L4xx_HAL_Driver/Src/stm32l4xx_hal_dma.o
LOAD Drivers/STM32L4xx_HAL_Driver/Src/stm32l4xx_hal_dma_ex.o
LOAD Drivers/STM32L4xx_HAL_Driver/Src/stm32l4xx_hal_exti.o
LOAD Drivers/STM32L4xx_HAL_Driver/Src/stm32l4xx_hal_flash.o
LOAD Drivers/STM32L4xx_HAL_Driver/Src/stm32l4xx_hal_flash_ex.o
LOAD Drivers/STM32L4xx_HAL_Driver/Src/stm32l4xx_hal_flash_ramfunc.o
LOAD Drivers/STM32L4xx_HAL_Driver/Src/stm32l4xx_hal_gpio.o
LOAD Drivers/STM32L4xx_HAL_Driver/Src/stm32l4xx_hal_i2c.o
LOAD Drivers/STM32L4xx_HAL_Driver/Src/stm32l4xx_hal_i2c_ex.o
LOAD Drivers/STM32L4xx_HAL_Driver/Src/stm32l4xx_hal_pcd.o
LOAD Drivers/STM32L4xx_HAL_Driver/Src/stm32l4xx_hal_pcd_ex.o
LOAD Drivers/STM32L4xx_HAL_Driver/Src/stm32l4xx_hal_pwr.o
LOAD Drivers/STM32L4xx_HAL_Driver/Src/stm32l4xx_hal_pwr_ex.o
LOAD Drivers/STM32L4xx_HAL_Driver/Src/stm32l4xx_hal_rcc.o
LOAD Drivers/STM32L4xx_HAL_Driver/Src/stm32l4xx_hal_rcc_ex.o
LOAD Drivers/STM32L4xx_HAL_Driver/Src/stm32l4xx_hal_tim.o
LOAD Drivers/STM32L4xx_HAL_Driver/Src/stm32l4xx_hal_tim_ex.o
LOAD Drivers/STM32L4xx_HAL_Driver/Src/stm32l4xx_ll_usb.o
LOAD Middlewares/ST/STM32_USB_Device_Library/Class/MSC/Src/usbd_msc.o
LOAD Middlewares/ST/STM32_USB_Device_Library/Class/MSC/Src/usbd_msc_bot.o
LOAD Middlewares/ST/STM32_USB_Device_Library/Class/MSC/Src/usbd_msc_data.o
LOAD Middlewares/ST/STM32_USB_Device_Library/Class/MSC/Src/usbd_msc_scsi.o
LOAD Middlewares/ST/STM32_USB_Device_Library/Core/Src/usbd_core.o
LOAD Middlewares/ST/STM32_USB_Device_Library/Core/Src/usbd_ctlreq.o
LOAD Middlewares/ST/STM32_USB_Device_Library/Core/Src/usbd_ioreq.o
LOAD USB_DEVICE/App/usb_device.o
LOAD USB_DEVICE/App/usbd_desc.o
LOAD USB_DEVICE/App/usbd_storage_if.o
LOAD USB_DEVICE/Target/usbd_conf.o
START GROUP
LOAD c:/st/stm32cubeide_1.4.0/stm32cubeide/plugins/com.st.stm32cube.ide.mcu.externaltools.gnu-tools-for-stm32.7-2018-q2-update.win32_1.4.0.202007081208/tools/bin/../lib/gcc/arm-none-eabi/7.3.1/../../../../arm-none-eabi/lib/thumb/v7e-m/fpv4-sp/hard\libc_nano.a
LOAD c:/st/stm32cubeide_1.4.0/stm32cubeide/plugins/com.st.stm32cube.ide.mcu.externaltools.gnu-tools-for-stm32.7-2018-q2-update.win32_1.4.0.202007081208/tools/bin/../lib/gcc/arm-none-eabi/7.3.1/../../../../arm-none-eabi/lib/thumb/v7e-m/fpv4-sp/hard\libm.a
END GROUP
START GROUP
LOAD c:/st/stm32cubeide_1.4.0/stm32cubeide/plugins/com.st.stm32cube.ide.mcu.externaltools.gnu-tools-for-stm32.7-2018-q2-update.win32_1.4.0.202007081208/tools/bin/../lib/gcc/arm-none-eabi/7.3.1/thumb/v7e-m/fpv4-sp/hard\libgcc.a
LOAD c:/st/stm32cubeide_1.4.0/stm32cubeide/plugins/com.st.stm32cube.ide.mcu.externaltools.gnu-tools-for-stm32.7-2018-q2-update.win32_1.4.0.202007081208/tools/bin/../lib/gcc/arm-none-eabi/7.3.1/../../../../arm-none-eabi/lib/thumb/v7e-m/fpv4-sp/hard\libc_nano.a
END GROUP
START GROUP
LOAD c:/st/stm32cubeide_1.4.0/stm32cubeide/plugins/com.st.stm32cube.ide.mcu.externaltools.gnu-tools-for-stm32.7-2018-q2-update.win32_1.4.0.202007081208/tools/bin/../lib/gcc/arm-none-eabi/7.3.1/thumb/v7e-m/fpv4-sp/hard\libgcc.a
LOAD c:/st/stm32cubeide_1.4.0/stm32cubeide/plugins/com.st.stm32cube.ide.mcu.externaltools.gnu-tools-for-stm32.7-2018-q2-update.win32_1.4.0.202007081208/tools/bin/../lib/gcc/arm-none-eabi/7.3.1/../../../../arm-none-eabi/lib/thumb/v7e-m/fpv4-sp/hard\libc_nano.a
LOAD c:/st/stm32cubeide_1.4.0/stm32cubeide/plugins/com.st.stm32cube.ide.mcu.externaltools.gnu-tools-for-stm32.7-2018-q2-update.win32_1.4.0.202007081208/tools/bin/../lib/gcc/arm-none-eabi/7.3.1/../../../../arm-none-eabi/lib/thumb/v7e-m/fpv4-sp/hard\libnosys.a
END GROUP
START GROUP
LOAD c:/st/stm32cubeide_1.4.0/stm32cubeide/plugins/com.st.stm32cube.ide.mcu.externaltools.gnu-tools-for-stm32.7-2018-q2-update.win32_1.4.0.202007081208/tools/bin/../lib/gcc/arm-none-eabi/7.3.1/thumb/v7e-m/fpv4-sp/hard\libgcc.a
LOAD c:/st/stm32cubeide_1.4.0/stm32cubeide/plugins/com.st.stm32cube.ide.mcu.externaltools.gnu-tools-for-stm32.7-2018-q2-update.win32_1.4.0.202007081208/tools/bin/../lib/gcc/arm-none-eabi/7.3.1/../../../../arm-none-eabi/lib/thumb/v7e-m/fpv4-sp/hard\libc_nano.a
LOAD c:/st/stm32cubeide_1.4.0/stm32cubeide/plugins/com.st.stm32cube.ide.mcu.externaltools.gnu-tools-for-stm32.7-2018-q2-update.win32_1.4.0.202007081208/tools/bin/../lib/gcc/arm-none-eabi/7.3.1/../../../../arm-none-eabi/lib/thumb/v7e-m/fpv4-sp/hard\libnosys.a
END GROUP
LOAD c:/st/stm32cubeide_1.4.0/stm32cubeide/plugins/com.st.stm32cube.ide.mcu.externaltools.gnu-tools-for-stm32.7-2018-q2-update.win32_1.4.0.202007081208/tools/bin/../lib/gcc/arm-none-eabi/7.3.1/thumb/v7e-m/fpv4-sp/hard/crtend.o
LOAD c:/st/stm32cubeide_1.4.0/stm32cubeide/plugins/com.st.stm32cube.ide.mcu.externaltools.gnu-tools-for-stm32.7-2018-q2-update.win32_1.4.0.202007081208/tools/bin/../lib/gcc/arm-none-eabi/7.3.1/thumb/v7e-m/fpv4-sp/hard/crtn.o
                0x0000000020018000                _estack = (ORIGIN (RAM) + LENGTH (RAM))
                0x0000000000000800                _Min_Heap_Size = 0x800
                0x0000000000000800                _Min_Stack_Size = 0x800

.isr_vector     0x0000000008000000      0x188
                0x0000000008000000                . = ALIGN (0x4)
 *(.isr_vector)
 .isr_vector    0x0000000008000000      0x188 Core/Startup/startup_stm32l476rgtx.o
                0x0000000008000000                g_pfnVectors
                0x0000000008000188                . = ALIGN (0x4)

.text           0x0000000008000188     0x7f58
                0x0000000008000188                . = ALIGN (0x4)
 *(.text)
 .text          0x0000000008000188       0x40 c:/st/stm32cubeide_1.4.0/stm32cubeide/plugins/com.st.stm32cube.ide.mcu.externaltools.gnu-tools-for-stm32.7-2018-q2-update.win32_1.4.0.202007081208/tools/bin/../lib/gcc/arm-none-eabi/7.3.1/thumb/v7e-m/fpv4-sp/hard/crtbegin.o
 *(.text*)
 .text.main     0x00000000080001c8       0x16 Core/Src/main.o
                0x00000000080001c8                main
 .text.SystemClock_Config
                0x00000000080001de      0x110 Core/Src/main.o
                0x00000000080001de                SystemClock_Config
 *fill*         0x00000000080002ee        0x2 
 .text.MX_GPIO_Init
                0x00000000080002f0       0x30 Core/Src/main.o
 .text.Error_Handler
                0x0000000008000320        0xe Core/Src/main.o
                0x0000000008000320                Error_Handler
 *fill*         0x000000000800032e        0x2 
 .text.HAL_MspInit
                0x0000000008000330       0x48 Core/Src/stm32l4xx_hal_msp.o
                0x0000000008000330                HAL_MspInit
 .text.NMI_Handler
                0x0000000008000378        0xe Core/Src/stm32l4xx_it.o
                0x0000000008000378                NMI_Handler
 .text.HardFault_Handler
                0x0000000008000386        0x6 Core/Src/stm32l4xx_it.o
                0x0000000008000386                HardFault_Handler
 .text.MemManage_Handler
                0x000000000800038c        0x6 Core/Src/stm32l4xx_it.o
                0x000000000800038c                MemManage_Handler
 .text.BusFault_Handler
                0x0000000008000392        0x6 Core/Src/stm32l4xx_it.o
                0x0000000008000392                BusFault_Handler
 .text.UsageFault_Handler
                0x0000000008000398        0x6 Core/Src/stm32l4xx_it.o
                0x0000000008000398                UsageFault_Handler
 .text.SVC_Handler
                0x000000000800039e        0xe Core/Src/stm32l4xx_it.o
                0x000000000800039e                SVC_Handler
 .text.DebugMon_Handler
                0x00000000080003ac        0xe Core/Src/stm32l4xx_it.o
                0x00000000080003ac                DebugMon_Handler
 .text.PendSV_Handler
                0x00000000080003ba        0xe Core/Src/stm32l4xx_it.o
                0x00000000080003ba                PendSV_Handler
 .text.SysTick_Handler
                0x00000000080003c8        0xc Core/Src/stm32l4xx_it.o
                0x00000000080003c8                SysTick_Handler
 .text.OTG_FS_IRQHandler
                0x00000000080003d4       0x14 Core/Src/stm32l4xx_it.o
                0x00000000080003d4                OTG_FS_IRQHandler
 .text._sbrk    0x00000000080003e8       0x6c Core/Src/sysmem.o
                0x00000000080003e8                _sbrk
 .text.SystemInit
                0x0000000008000454       0x6c Core/Src/system_stm32l4xx.o
                0x0000000008000454                SystemInit
 .text.Reset_Handler
                0x00000000080004c0       0x50 Core/Startup/startup_stm32l476rgtx.o
                0x00000000080004c0                Reset_Handler
 .text.Default_Handler
                0x0000000008000510        0x2 Core/Startup/startup_stm32l476rgtx.o
                0x0000000008000510                RTC_Alarm_IRQHandler
                0x0000000008000510                EXTI2_IRQHandler
                0x0000000008000510                TIM8_TRG_COM_IRQHandler
                0x0000000008000510                TIM8_CC_IRQHandler
                0x0000000008000510                TIM1_CC_IRQHandler
                0x0000000008000510                TSC_IRQHandler
                0x0000000008000510                TAMP_STAMP_IRQHandler
                0x0000000008000510                EXTI3_IRQHandler
                0x0000000008000510                LPTIM2_IRQHandler
                0x0000000008000510                DFSDM1_FLT1_IRQHandler
                0x0000000008000510                I2C3_ER_IRQHandler
                0x0000000008000510                DFSDM1_FLT2_IRQHandler
                0x0000000008000510                EXTI0_IRQHandler
                0x0000000008000510                I2C2_EV_IRQHandler
                0x0000000008000510                CAN1_RX0_IRQHandler
                0x0000000008000510                FPU_IRQHandler
                0x0000000008000510                TIM1_UP_TIM16_IRQHandler
                0x0000000008000510                ADC1_2_IRQHandler
                0x0000000008000510                SPI1_IRQHandler
                0x0000000008000510                TIM6_DAC_IRQHandler
                0x0000000008000510                TIM8_UP_IRQHandler
                0x0000000008000510                DMA2_Channel2_IRQHandler
                0x0000000008000510                DMA1_Channel4_IRQHandler
                0x0000000008000510                SAI2_IRQHandler
                0x0000000008000510                DFSDM1_FLT3_IRQHandler
                0x0000000008000510                USART3_IRQHandler
                0x0000000008000510                DMA1_Channel7_IRQHandler
                0x0000000008000510                CAN1_RX1_IRQHandler
                0x0000000008000510                LCD_IRQHandler
                0x0000000008000510                UART5_IRQHandler
                0x0000000008000510                ADC3_IRQHandler
                0x0000000008000510                TIM4_IRQHandler
                0x0000000008000510                DMA2_Channel1_IRQHandler
                0x0000000008000510                QUADSPI_IRQHandler
                0x0000000008000510                I2C1_EV_IRQHandler
                0x0000000008000510                DMA1_Channel6_IRQHandler
                0x0000000008000510                UART4_IRQHandler
                0x0000000008000510                DMA2_Channel4_IRQHandler
                0x0000000008000510                TIM3_IRQHandler
                0x0000000008000510                RCC_IRQHandler
                0x0000000008000510                DMA1_Channel1_IRQHandler
                0x0000000008000510                Default_Handler
                0x0000000008000510                DMA2_Channel7_IRQHandler
                0x0000000008000510                EXTI15_10_IRQHandler
                0x0000000008000510                TIM7_IRQHandler
                0x0000000008000510                SDMMC1_IRQHandler
                0x0000000008000510                TIM5_IRQHandler
                0x0000000008000510                I2C3_EV_IRQHandler
                0x0000000008000510                EXTI9_5_IRQHandler
                0x0000000008000510                RTC_WKUP_IRQHandler
                0x0000000008000510                PVD_PVM_IRQHandler
                0x0000000008000510                SPI2_IRQHandler
                0x0000000008000510                CAN1_TX_IRQHandler
                0x0000000008000510                DMA2_Channel5_IRQHandler
                0x0000000008000510                DMA1_Channel5_IRQHandler
                0x0000000008000510                EXTI4_IRQHandler
                0x0000000008000510                RNG_IRQHandler
                0x0000000008000510                TIM1_TRG_COM_TIM17_IRQHandler
                0x0000000008000510                DMA1_Channel3_IRQHandler
                0x0000000008000510                COMP_IRQHandler
                0x0000000008000510                WWDG_IRQHandler
                0x0000000008000510                LPUART1_IRQHandler
                0x0000000008000510                DMA2_Channel6_IRQHandler
                0x0000000008000510                TIM2_IRQHandler
                0x0000000008000510                EXTI1_IRQHandler
                0x0000000008000510                USART2_IRQHandler
                0x0000000008000510                DFSDM1_FLT0_IRQHandler
                0x0000000008000510                I2C2_ER_IRQHandler
                0x0000000008000510                DMA1_Channel2_IRQHandler
                0x0000000008000510                TIM8_BRK_IRQHandler
                0x0000000008000510                CAN1_SCE_IRQHandler
                0x0000000008000510                FLASH_IRQHandler
                0x0000000008000510                USART1_IRQHandler
                0x0000000008000510                SPI3_IRQHandler
                0x0000000008000510                I2C1_ER_IRQHandler
                0x0000000008000510                FMC_IRQHandler
                0x0000000008000510                SWPMI1_IRQHandler
                0x0000000008000510                LPTIM1_IRQHandler
                0x0000000008000510                SAI1_IRQHandler
                0x0000000008000510                DMA2_Channel3_IRQHandler
                0x0000000008000510                TIM1_BRK_TIM15_IRQHandler
 .text.HAL_Init
                0x0000000008000512       0x30 Drivers/STM32L4xx_HAL_Driver/Src/stm32l4xx_hal.o
                0x0000000008000512                HAL_Init
 *fill*         0x0000000008000542        0x2 
 .text.HAL_InitTick
                0x0000000008000544       0x78 Drivers/STM32L4xx_HAL_Driver/Src/stm32l4xx_hal.o
                0x0000000008000544                HAL_InitTick
 .text.HAL_IncTick
                0x00000000080005bc       0x28 Drivers/STM32L4xx_HAL_Driver/Src/stm32l4xx_hal.o
                0x00000000080005bc                HAL_IncTick
 .text.HAL_GetTick
                0x00000000080005e4       0x18 Drivers/STM32L4xx_HAL_Driver/Src/stm32l4xx_hal.o
                0x00000000080005e4                HAL_GetTick
 .text.HAL_Delay
                0x00000000080005fc       0x44 Drivers/STM32L4xx_HAL_Driver/Src/stm32l4xx_hal.o
                0x00000000080005fc                HAL_Delay
 .text.__NVIC_SetPriorityGrouping
                0x0000000008000640       0x48 Drivers/STM32L4xx_HAL_Driver/Src/stm32l4xx_hal_cortex.o
 .text.__NVIC_GetPriorityGrouping
                0x0000000008000688       0x1c Drivers/STM32L4xx_HAL_Driver/Src/stm32l4xx_hal_cortex.o
 .text.__NVIC_EnableIRQ
                0x00000000080006a4       0x3c Drivers/STM32L4xx_HAL_Driver/Src/stm32l4xx_hal_cortex.o
 .text.__NVIC_SetPriority
                0x00000000080006e0       0x54 Drivers/STM32L4xx_HAL_Driver/Src/stm32l4xx_hal_cortex.o
 .text.NVIC_EncodePriority
                0x0000000008000734       0x66 Drivers/STM32L4xx_HAL_Driver/Src/stm32l4xx_hal_cortex.o
 *fill*         0x000000000800079a        0x2 
 .text.SysTick_Config
                0x000000000800079c       0x44 Drivers/STM32L4xx_HAL_Driver/Src/stm32l4xx_hal_cortex.o
 .text.HAL_NVIC_SetPriorityGrouping
                0x00000000080007e0       0x16 Drivers/STM32L4xx_HAL_Driver/Src/stm32l4xx_hal_cortex.o
                0x00000000080007e0                HAL_NVIC_SetPriorityGrouping
 .text.HAL_NVIC_SetPriority
                0x00000000080007f6       0x38 Drivers/STM32L4xx_HAL_Driver/Src/stm32l4xx_hal_cortex.o
                0x00000000080007f6                HAL_NVIC_SetPriority
 .text.HAL_NVIC_EnableIRQ
                0x000000000800082e       0x1c Drivers/STM32L4xx_HAL_Driver/Src/stm32l4xx_hal_cortex.o
                0x000000000800082e                HAL_NVIC_EnableIRQ
 .text.HAL_SYSTICK_Config
                0x000000000800084a       0x18 Drivers/STM32L4xx_HAL_Driver/Src/stm32l4xx_hal_cortex.o
                0x000000000800084a                HAL_SYSTICK_Config
 *fill*         0x0000000008000862        0x2 
 .text.HAL_GPIO_Init
                0x0000000008000864      0x350 Drivers/STM32L4xx_HAL_Driver/Src/stm32l4xx_hal_gpio.o
                0x0000000008000864                HAL_GPIO_Init
 .text.HAL_PCD_Init
                0x0000000008000bb4      0x248 Drivers/STM32L4xx_HAL_Driver/Src/stm32l4xx_hal_pcd.o
                0x0000000008000bb4                HAL_PCD_Init
 .text.HAL_PCD_Start
                0x0000000008000dfc       0x5e Drivers/STM32L4xx_HAL_Driver/Src/stm32l4xx_hal_pcd.o
                0x0000000008000dfc                HAL_PCD_Start
 .text.HAL_PCD_IRQHandler
                0x0000000008000e5a      0x748 Drivers/STM32L4xx_HAL_Driver/Src/stm32l4xx_hal_pcd.o
                0x0000000008000e5a                HAL_PCD_IRQHandler
 .text.HAL_PCD_SetAddress
                0x00000000080015a2       0x4a Drivers/STM32L4xx_HAL_Driver/Src/stm32l4xx_hal_pcd.o
                0x00000000080015a2                HAL_PCD_SetAddress
 .text.HAL_PCD_EP_Open
                0x00000000080015ec       0xd0 Drivers/STM32L4xx_HAL_Driver/Src/stm32l4xx_hal_pcd.o
                0x00000000080015ec                HAL_PCD_EP_Open
 .text.HAL_PCD_EP_Close
                0x00000000080016bc       0x94 Drivers/STM32L4xx_HAL_Driver/Src/stm32l4xx_hal_pcd.o
                0x00000000080016bc                HAL_PCD_EP_Close
 .text.HAL_PCD_EP_Receive
                0x0000000008001750       0x7c Drivers/STM32L4xx_HAL_Driver/Src/stm32l4xx_hal_pcd.o
                0x0000000008001750                HAL_PCD_EP_Receive
 .text.HAL_PCD_EP_GetRxCount
                0x00000000080017cc       0x30 Drivers/STM32L4xx_HAL_Driver/Src/stm32l4xx_hal_pcd.o
                0x00000000080017cc                HAL_PCD_EP_GetRxCount
 .text.HAL_PCD_EP_Transmit
                0x00000000080017fc       0x7a Drivers/STM32L4xx_HAL_Driver/Src/stm32l4xx_hal_pcd.o
                0x00000000080017fc                HAL_PCD_EP_Transmit
 .text.HAL_PCD_EP_SetStall
                0x0000000008001876       0xc4 Drivers/STM32L4xx_HAL_Driver/Src/stm32l4xx_hal_pcd.o
                0x0000000008001876                HAL_PCD_EP_SetStall
 .text.HAL_PCD_EP_ClrStall
                0x000000000800193a       0xac Drivers/STM32L4xx_HAL_Driver/Src/stm32l4xx_hal_pcd.o
                0x000000000800193a                HAL_PCD_EP_ClrStall
 .text.HAL_PCD_EP_Flush
                0x00000000080019e6       0x5a Drivers/STM32L4xx_HAL_Driver/Src/stm32l4xx_hal_pcd.o
                0x00000000080019e6                HAL_PCD_EP_Flush
 .text.PCD_WriteEmptyTxFifo
                0x0000000008001a40      0x110 Drivers/STM32L4xx_HAL_Driver/Src/stm32l4xx_hal_pcd.o
 .text.PCD_EP_OutXfrComplete_int
                0x0000000008001b50       0x9c Drivers/STM32L4xx_HAL_Driver/Src/stm32l4xx_hal_pcd.o
 .text.PCD_EP_OutSetupPacket_int
                0x0000000008001bec       0x68 Drivers/STM32L4xx_HAL_Driver/Src/stm32l4xx_hal_pcd.o
 .text.HAL_PCDEx_SetTxFiFo
                0x0000000008001c54       0x8e Drivers/STM32L4xx_HAL_Driver/Src/stm32l4xx_hal_pcd_ex.o
                0x0000000008001c54                HAL_PCDEx_SetTxFiFo
 .text.HAL_PCDEx_SetRxFiFo
                0x0000000008001ce2       0x22 Drivers/STM32L4xx_HAL_Driver/Src/stm32l4xx_hal_pcd_ex.o
                0x0000000008001ce2                HAL_PCDEx_SetRxFiFo
 .text.HAL_PCDEx_ActivateLPM
                0x0000000008001d04       0x48 Drivers/STM32L4xx_HAL_Driver/Src/stm32l4xx_hal_pcd_ex.o
                0x0000000008001d04                HAL_PCDEx_ActivateLPM
 .text.HAL_PWREx_GetVoltageRange
                0x0000000008001d4c       0x1c Drivers/STM32L4xx_HAL_Driver/Src/stm32l4xx_hal_pwr_ex.o
                0x0000000008001d4c                HAL_PWREx_GetVoltageRange
 .text.HAL_PWREx_ControlVoltageScaling
                0x0000000008001d68       0xac Drivers/STM32L4xx_HAL_Driver/Src/stm32l4xx_hal_pwr_ex.o
                0x0000000008001d68                HAL_PWREx_ControlVoltageScaling
 .text.HAL_PWREx_EnableVddUSB
                0x0000000008001e14       0x20 Drivers/STM32L4xx_HAL_Driver/Src/stm32l4xx_hal_pwr_ex.o
                0x0000000008001e14                HAL_PWREx_EnableVddUSB
 .text.HAL_RCC_OscConfig
                0x0000000008001e34      0x7cc Drivers/STM32L4xx_HAL_Driver/Src/stm32l4xx_hal_rcc.o
                0x0000000008001e34                HAL_RCC_OscConfig
 .text.HAL_RCC_ClockConfig
                0x0000000008002600      0x1c4 Drivers/STM32L4xx_HAL_Driver/Src/stm32l4xx_hal_rcc.o
                0x0000000008002600                HAL_RCC_ClockConfig
 .text.HAL_RCC_GetSysClockFreq
                0x00000000080027c4      0x114 Drivers/STM32L4xx_HAL_Driver/Src/stm32l4xx_hal_rcc.o
                0x00000000080027c4                HAL_RCC_GetSysClockFreq
 .text.HAL_RCC_GetHCLKFreq
                0x00000000080028d8       0x18 Drivers/STM32L4xx_HAL_Driver/Src/stm32l4xx_hal_rcc.o
                0x00000000080028d8                HAL_RCC_GetHCLKFreq
 .text.RCC_SetFlashLatencyFromMSIRange
                0x00000000080028f0       0xc0 Drivers/STM32L4xx_HAL_Driver/Src/stm32l4xx_hal_rcc.o
 .text.HAL_RCCEx_PeriphCLKConfig
                0x00000000080029b0      0x5cc Drivers/STM32L4xx_HAL_Driver/Src/stm32l4xx_hal_rcc_ex.o
                0x00000000080029b0                HAL_RCCEx_PeriphCLKConfig
 .text.RCCEx_PLLSAI1_Config
                0x0000000008002f7c      0x1e0 Drivers/STM32L4xx_HAL_Driver/Src/stm32l4xx_hal_rcc_ex.o
 .text.RCCEx_PLLSAI2_Config
                0x000000000800315c      0x1b4 Drivers/STM32L4xx_HAL_Driver/Src/stm32l4xx_hal_rcc_ex.o
 .text.USB_CoreInit
                0x0000000008003310       0xa4 Drivers/STM32L4xx_HAL_Driver/Src/stm32l4xx_ll_usb.o
                0x0000000008003310                USB_CoreInit
 .text.USB_SetTurnaroundTime
                0x00000000080033b4      0x138 Drivers/STM32L4xx_HAL_Driver/Src/stm32l4xx_ll_usb.o
                0x00000000080033b4                USB_SetTurnaroundTime
 .text.USB_EnableGlobalInt
                0x00000000080034ec       0x22 Drivers/STM32L4xx_HAL_Driver/Src/stm32l4xx_ll_usb.o
                0x00000000080034ec                USB_EnableGlobalInt
 .text.USB_DisableGlobalInt
                0x000000000800350e       0x22 Drivers/STM32L4xx_HAL_Driver/Src/stm32l4xx_ll_usb.o
                0x000000000800350e                USB_DisableGlobalInt
 .text.USB_SetCurrentMode
                0x0000000008003530       0x54 Drivers/STM32L4xx_HAL_Driver/Src/stm32l4xx_ll_usb.o
                0x0000000008003530                USB_SetCurrentMode
 .text.USB_DevInit
                0x0000000008003584      0x298 Drivers/STM32L4xx_HAL_Driver/Src/stm32l4xx_ll_usb.o
                0x0000000008003584                USB_DevInit
 .text.USB_FlushTxFifo
                0x000000000800381c       0x4c Drivers/STM32L4xx_HAL_Driver/Src/stm32l4xx_ll_usb.o
                0x000000000800381c                USB_FlushTxFifo
 .text.USB_FlushRxFifo
                0x0000000008003868       0x44 Drivers/STM32L4xx_HAL_Driver/Src/stm32l4xx_ll_usb.o
                0x0000000008003868                USB_FlushRxFifo
 .text.USB_SetDevSpeed
                0x00000000080038ac       0x32 Drivers/STM32L4xx_HAL_Driver/Src/stm32l4xx_ll_usb.o
                0x00000000080038ac                USB_SetDevSpeed
 .text.USB_GetDevSpeed
                0x00000000080038de       0x3e Drivers/STM32L4xx_HAL_Driver/Src/stm32l4xx_ll_usb.o
                0x00000000080038de                USB_GetDevSpeed
 .text.USB_ActivateEndpoint
                0x000000000800391c      0x10e Drivers/STM32L4xx_HAL_Driver/Src/stm32l4xx_ll_usb.o
                0x000000000800391c                USB_ActivateEndpoint
 *fill*         0x0000000008003a2a        0x2 
 .text.USB_DeactivateEndpoint
                0x0000000008003a2c      0x1b8 Drivers/STM32L4xx_HAL_Driver/Src/stm32l4xx_ll_usb.o
                0x0000000008003a2c                USB_DeactivateEndpoint
 .text.USB_EPStartXfer
                0x0000000008003be4      0x3b8 Drivers/STM32L4xx_HAL_Driver/Src/stm32l4xx_ll_usb.o
                0x0000000008003be4                USB_EPStartXfer
 .text.USB_EP0StartXfer
                0x0000000008003f9c      0x23c Drivers/STM32L4xx_HAL_Driver/Src/stm32l4xx_ll_usb.o
                0x0000000008003f9c                USB_EP0StartXfer
 .text.USB_WritePacket
                0x00000000080041d8       0x62 Drivers/STM32L4xx_HAL_Driver/Src/stm32l4xx_ll_usb.o
                0x00000000080041d8                USB_WritePacket
 .text.USB_ReadPacket
                0x000000000800423a       0x52 Drivers/STM32L4xx_HAL_Driver/Src/stm32l4xx_ll_usb.o
                0x000000000800423a                USB_ReadPacket
 .text.USB_EPSetStall
                0x000000000800428c       0xdc Drivers/STM32L4xx_HAL_Driver/Src/stm32l4xx_ll_usb.o
                0x000000000800428c                USB_EPSetStall
 .text.USB_EPClearStall
                0x0000000008004368       0xcc Drivers/STM32L4xx_HAL_Driver/Src/stm32l4xx_ll_usb.o
                0x0000000008004368                USB_EPClearStall
 .text.USB_SetDevAddress
                0x0000000008004434       0x4c Drivers/STM32L4xx_HAL_Driver/Src/stm32l4xx_ll_usb.o
                0x0000000008004434                USB_SetDevAddress
 .text.USB_DevConnect
                0x0000000008004480       0x42 Drivers/STM32L4xx_HAL_Driver/Src/stm32l4xx_ll_usb.o
                0x0000000008004480                USB_DevConnect
 .text.USB_DevDisconnect
                0x00000000080044c2       0x42 Drivers/STM32L4xx_HAL_Driver/Src/stm32l4xx_ll_usb.o
                0x00000000080044c2                USB_DevDisconnect
 .text.USB_ReadInterrupts
                0x0000000008004504       0x26 Drivers/STM32L4xx_HAL_Driver/Src/stm32l4xx_ll_usb.o
                0x0000000008004504                USB_ReadInterrupts
 .text.USB_ReadDevAllOutEpInterrupt
                0x000000000800452a       0x34 Drivers/STM32L4xx_HAL_Driver/Src/stm32l4xx_ll_usb.o
                0x000000000800452a                USB_ReadDevAllOutEpInterrupt
 .text.USB_ReadDevAllInEpInterrupt
                0x000000000800455e       0x34 Drivers/STM32L4xx_HAL_Driver/Src/stm32l4xx_ll_usb.o
                0x000000000800455e                USB_ReadDevAllInEpInterrupt
 .text.USB_ReadDevOutEPInterrupt
                0x0000000008004592       0x3c Drivers/STM32L4xx_HAL_Driver/Src/stm32l4xx_ll_usb.o
                0x0000000008004592                USB_ReadDevOutEPInterrupt
 .text.USB_ReadDevInEPInterrupt
                0x00000000080045ce       0x5c Drivers/STM32L4xx_HAL_Driver/Src/stm32l4xx_ll_usb.o
                0x00000000080045ce                USB_ReadDevInEPInterrupt
 .text.USB_GetMode
                0x000000000800462a       0x1c Drivers/STM32L4xx_HAL_Driver/Src/stm32l4xx_ll_usb.o
                0x000000000800462a                USB_GetMode
 .text.USB_ActivateSetup
                0x0000000008004646       0x46 Drivers/STM32L4xx_HAL_Driver/Src/stm32l4xx_ll_usb.o
                0x0000000008004646                USB_ActivateSetup
 .text.USB_EP0_OutStart
                0x000000000800468c       0x90 Drivers/STM32L4xx_HAL_Driver/Src/stm32l4xx_ll_usb.o
                0x000000000800468c                USB_EP0_OutStart
 .text.USB_CoreReset
                0x000000000800471c       0x68 Drivers/STM32L4xx_HAL_Driver/Src/stm32l4xx_ll_usb.o
 .text.USBD_MSC_Init
                0x0000000008004784       0x9c Middlewares/ST/STM32_USB_Device_Library/Class/MSC/Src/usbd_msc.o
                0x0000000008004784                USBD_MSC_Init
 .text.USBD_MSC_DeInit
                0x0000000008004820       0x58 Middlewares/ST/STM32_USB_Device_Library/Class/MSC/Src/usbd_msc.o
                0x0000000008004820                USBD_MSC_DeInit
 .text.USBD_MSC_Setup
                0x0000000008004878      0x1d0 Middlewares/ST/STM32_USB_Device_Library/Class/MSC/Src/usbd_msc.o
                0x0000000008004878                USBD_MSC_Setup
 .text.USBD_MSC_DataIn
                0x0000000008004a48       0x20 Middlewares/ST/STM32_USB_Device_Library/Class/MSC/Src/usbd_msc.o
                0x0000000008004a48                USBD_MSC_DataIn
 .text.USBD_MSC_DataOut
                0x0000000008004a68       0x20 Middlewares/ST/STM32_USB_Device_Library/Class/MSC/Src/usbd_msc.o
                0x0000000008004a68                USBD_MSC_DataOut
 .text.USBD_MSC_GetHSCfgDesc
                0x0000000008004a88       0x20 Middlewares/ST/STM32_USB_Device_Library/Class/MSC/Src/usbd_msc.o
                0x0000000008004a88                USBD_MSC_GetHSCfgDesc
 .text.USBD_MSC_GetFSCfgDesc
                0x0000000008004aa8       0x20 Middlewares/ST/STM32_USB_Device_Library/Class/MSC/Src/usbd_msc.o
                0x0000000008004aa8                USBD_MSC_GetFSCfgDesc
 .text.USBD_MSC_GetOtherSpeedCfgDesc
                0x0000000008004ac8       0x20 Middlewares/ST/STM32_USB_Device_Library/Class/MSC/Src/usbd_msc.o
                0x0000000008004ac8                USBD_MSC_GetOtherSpeedCfgDesc
 .text.USBD_MSC_GetDeviceQualifierDescriptor
                0x0000000008004ae8       0x20 Middlewares/ST/STM32_USB_Device_Library/Class/MSC/Src/usbd_msc.o
                0x0000000008004ae8                USBD_MSC_GetDeviceQualifierDescriptor
 .text.USBD_MSC_RegisterStorage
                0x0000000008004b08       0x2a Middlewares/ST/STM32_USB_Device_Library/Class/MSC/Src/usbd_msc.o
                0x0000000008004b08                USBD_MSC_RegisterStorage
 .text.MSC_BOT_Init
                0x0000000008004b32       0x68 Middlewares/ST/STM32_USB_Device_Library/Class/MSC/Src/usbd_msc_bot.o
                0x0000000008004b32                MSC_BOT_Init
 .text.MSC_BOT_Reset
                0x0000000008004b9a       0x44 Middlewares/ST/STM32_USB_Device_Library/Class/MSC/Src/usbd_msc_bot.o
                0x0000000008004b9a                MSC_BOT_Reset
 .text.MSC_BOT_DeInit
                0x0000000008004bde       0x22 Middlewares/ST/STM32_USB_Device_Library/Class/MSC/Src/usbd_msc_bot.o
                0x0000000008004bde                MSC_BOT_DeInit
 .text.MSC_BOT_DataIn
                0x0000000008004c00       0x62 Middlewares/ST/STM32_USB_Device_Library/Class/MSC/Src/usbd_msc_bot.o
                0x0000000008004c00                MSC_BOT_DataIn
 .text.MSC_BOT_DataOut
                0x0000000008004c62       0x56 Middlewares/ST/STM32_USB_Device_Library/Class/MSC/Src/usbd_msc_bot.o
                0x0000000008004c62                MSC_BOT_DataOut
 .text.MSC_BOT_CBW_Decode
                0x0000000008004cb8      0x10c Middlewares/ST/STM32_USB_Device_Library/Class/MSC/Src/usbd_msc_bot.o
 .text.MSC_BOT_SendData
                0x0000000008004dc4       0x56 Middlewares/ST/STM32_USB_Device_Library/Class/MSC/Src/usbd_msc_bot.o
 *fill*         0x0000000008004e1a        0x2 
 .text.MSC_BOT_SendCSW
                0x0000000008004e1c       0x58 Middlewares/ST/STM32_USB_Device_Library/Class/MSC/Src/usbd_msc_bot.o
                0x0000000008004e1c                MSC_BOT_SendCSW
 .text.MSC_BOT_Abort
                0x0000000008004e74       0x5c Middlewares/ST/STM32_USB_Device_Library/Class/MSC/Src/usbd_msc_bot.o
 .text.MSC_BOT_CplClrFeature
                0x0000000008004ed0       0x50 Middlewares/ST/STM32_USB_Device_Library/Class/MSC/Src/usbd_msc_bot.o
                0x0000000008004ed0                MSC_BOT_CplClrFeature
 .text.SCSI_ProcessCmd
                0x0000000008004f20      0x19e Middlewares/ST/STM32_USB_Device_Library/Class/MSC/Src/usbd_msc_scsi.o
                0x0000000008004f20                SCSI_ProcessCmd
 .text.SCSI_TestUnitReady
                0x00000000080050be       0x94 Middlewares/ST/STM32_USB_Device_Library/Class/MSC/Src/usbd_msc_scsi.o
 *fill*         0x0000000008005152        0x2 
 .text.SCSI_Inquiry
                0x0000000008005154       0xdc Middlewares/ST/STM32_USB_Device_Library/Class/MSC/Src/usbd_msc_scsi.o
 .text.SCSI_ReadCapacity10
                0x0000000008005230       0xde Middlewares/ST/STM32_USB_Device_Library/Class/MSC/Src/usbd_msc_scsi.o
 .text.SCSI_ReadCapacity16
                0x000000000800530e      0x148 Middlewares/ST/STM32_USB_Device_Library/Class/MSC/Src/usbd_msc_scsi.o
 .text.SCSI_ReadFormatCapacity
                0x0000000008005456       0xd8 Middlewares/ST/STM32_USB_Device_Library/Class/MSC/Src/usbd_msc_scsi.o
 *fill*         0x000000000800552e        0x2 
 .text.SCSI_ModeSense6
                0x0000000008005530       0x4c Middlewares/ST/STM32_USB_Device_Library/Class/MSC/Src/usbd_msc_scsi.o
 .text.SCSI_ModeSense10
                0x000000000800557c       0x4c Middlewares/ST/STM32_USB_Device_Library/Class/MSC/Src/usbd_msc_scsi.o
 .text.SCSI_RequestSense
                0x00000000080055c8       0xf2 Middlewares/ST/STM32_USB_Device_Library/Class/MSC/Src/usbd_msc_scsi.o
 .text.SCSI_SenseCode
                0x00000000080056ba       0x86 Middlewares/ST/STM32_USB_Device_Library/Class/MSC/Src/usbd_msc_scsi.o
                0x00000000080056ba                SCSI_SenseCode
 .text.SCSI_StartStopUnit
                0x0000000008005740       0x96 Middlewares/ST/STM32_USB_Device_Library/Class/MSC/Src/usbd_msc_scsi.o
 .text.SCSI_AllowPreventRemovable
                0x00000000080057d6       0x46 Middlewares/ST/STM32_USB_Device_Library/Class/MSC/Src/usbd_msc_scsi.o
 .text.SCSI_Read10
                0x000000000800581c      0x134 Middlewares/ST/STM32_USB_Device_Library/Class/MSC/Src/usbd_msc_scsi.o
 .text.SCSI_Read12
                0x0000000008005950      0x14a Middlewares/ST/STM32_USB_Device_Library/Class/MSC/Src/usbd_msc_scsi.o
 .text.SCSI_Write10
                0x0000000008005a9a      0x17e Middlewares/ST/STM32_USB_Device_Library/Class/MSC/Src/usbd_msc_scsi.o
 .text.SCSI_Write12
                0x0000000008005c18      0x19e Middlewares/ST/STM32_USB_Device_Library/Class/MSC/Src/usbd_msc_scsi.o
 .text.SCSI_Verify10
                0x0000000008005db6       0x66 Middlewares/ST/STM32_USB_Device_Library/Class/MSC/Src/usbd_msc_scsi.o
 .text.SCSI_CheckAddressRange
                0x0000000008005e1c       0x44 Middlewares/ST/STM32_USB_Device_Library/Class/MSC/Src/usbd_msc_scsi.o
 .text.SCSI_ProcessRead
                0x0000000008005e60       0xe6 Middlewares/ST/STM32_USB_Device_Library/Class/MSC/Src/usbd_msc_scsi.o
 .text.SCSI_ProcessWrite
                0x0000000008005f46      0x106 Middlewares/ST/STM32_USB_Device_Library/Class/MSC/Src/usbd_msc_scsi.o
 .text.SCSI_UpdateBotData
                0x000000000800604c       0x46 Middlewares/ST/STM32_USB_Device_Library/Class/MSC/Src/usbd_msc_scsi.o
 .text.USBD_Init
                0x0000000008006092       0x60 Middlewares/ST/STM32_USB_Device_Library/Core/Src/usbd_core.o
                0x0000000008006092                USBD_Init
 .text.USBD_RegisterClass
                0x00000000080060f2       0x4e Middlewares/ST/STM32_USB_Device_Library/Core/Src/usbd_core.o
                0x00000000080060f2                USBD_RegisterClass
 .text.USBD_Start
                0x0000000008006140       0x18 Middlewares/ST/STM32_USB_Device_Library/Core/Src/usbd_core.o
                0x0000000008006140                USBD_Start
 .text.USBD_RunTestMode
                0x0000000008006158       0x16 Middlewares/ST/STM32_USB_Device_Library/Core/Src/usbd_core.o
                0x0000000008006158                USBD_RunTestMode
 .text.USBD_SetClassConfig
                0x000000000800616e       0x38 Middlewares/ST/STM32_USB_Device_Library/Core/Src/usbd_core.o
                0x000000000800616e                USBD_SetClassConfig
 .text.USBD_ClrClassConfig
                0x00000000080061a6       0x30 Middlewares/ST/STM32_USB_Device_Library/Core/Src/usbd_core.o
                0x00000000080061a6                USBD_ClrClassConfig
 .text.USBD_LL_SetupStage
                0x00000000080061d6       0xa6 Middlewares/ST/STM32_USB_Device_Library/Core/Src/usbd_core.o
                0x00000000080061d6                USBD_LL_SetupStage
 .text.USBD_LL_DataOutStage
                0x000000000800627c       0xc6 Middlewares/ST/STM32_USB_Device_Library/Core/Src/usbd_core.o
                0x000000000800627c                USBD_LL_DataOutStage
 .text.USBD_LL_DataInStage
                0x0000000008006342      0x12c Middlewares/ST/STM32_USB_Device_Library/Core/Src/usbd_core.o
                0x0000000008006342                USBD_LL_DataInStage
 .text.USBD_LL_Reset
                0x000000000800646e       0x82 Middlewares/ST/STM32_USB_Device_Library/Core/Src/usbd_core.o
                0x000000000800646e                USBD_LL_Reset
 .text.USBD_LL_SetSpeed
                0x00000000080064f0       0x20 Middlewares/ST/STM32_USB_Device_Library/Core/Src/usbd_core.o
                0x00000000080064f0                USBD_LL_SetSpeed
 .text.USBD_LL_Suspend
                0x0000000008006510       0x2a Middlewares/ST/STM32_USB_Device_Library/Core/Src/usbd_core.o
                0x0000000008006510                USBD_LL_Suspend
 .text.USBD_LL_Resume
                0x000000000800653a       0x2c Middlewares/ST/STM32_USB_Device_Library/Core/Src/usbd_core.o
                0x000000000800653a                USBD_LL_Resume
 .text.USBD_LL_SOF
                0x0000000008006566       0x34 Middlewares/ST/STM32_USB_Device_Library/Core/Src/usbd_core.o
                0x0000000008006566                USBD_LL_SOF
 .text.USBD_LL_IsoINIncomplete
                0x000000000800659a       0x1a Middlewares/ST/STM32_USB_Device_Library/Core/Src/usbd_core.o
                0x000000000800659a                USBD_LL_IsoINIncomplete
 .text.USBD_LL_IsoOUTIncomplete
                0x00000000080065b4       0x1a Middlewares/ST/STM32_USB_Device_Library/Core/Src/usbd_core.o
                0x00000000080065b4                USBD_LL_IsoOUTIncomplete
 .text.USBD_LL_DevConnected
                0x00000000080065ce       0x16 Middlewares/ST/STM32_USB_Device_Library/Core/Src/usbd_core.o
                0x00000000080065ce                USBD_LL_DevConnected
 .text.USBD_LL_DevDisconnected
                0x00000000080065e4       0x38 Middlewares/ST/STM32_USB_Device_Library/Core/Src/usbd_core.o
                0x00000000080065e4                USBD_LL_DevDisconnected
 .text.SWAPBYTE
                0x000000000800661c       0x3c Middlewares/ST/STM32_USB_Device_Library/Core/Src/usbd_ctlreq.o
 .text.USBD_StdDevReq
                0x0000000008006658       0xdc Middlewares/ST/STM32_USB_Device_Library/Core/Src/usbd_ctlreq.o
                0x0000000008006658                USBD_StdDevReq
 .text.USBD_StdItfReq
                0x0000000008006734       0x8c Middlewares/ST/STM32_USB_Device_Library/Core/Src/usbd_ctlreq.o
                0x0000000008006734                USBD_StdItfReq
 .text.USBD_StdEPReq
                0x00000000080067c0      0x2ae Middlewares/ST/STM32_USB_Device_Library/Core/Src/usbd_ctlreq.o
                0x00000000080067c0                USBD_StdEPReq
 *fill*         0x0000000008006a6e        0x2 
 .text.USBD_GetDescriptor
                0x0000000008006a70      0x328 Middlewares/ST/STM32_USB_Device_Library/Core/Src/usbd_ctlreq.o
 .text.USBD_SetAddress
                0x0000000008006d98       0x84 Middlewares/ST/STM32_USB_Device_Library/Core/Src/usbd_ctlreq.o
 .text.USBD_SetConfig
                0x0000000008006e1c      0x148 Middlewares/ST/STM32_USB_Device_Library/Core/Src/usbd_ctlreq.o
 .text.USBD_GetConfig
                0x0000000008006f64       0x68 Middlewares/ST/STM32_USB_Device_Library/Core/Src/usbd_ctlreq.o
 .text.USBD_GetStatus
                0x0000000008006fcc       0x66 Middlewares/ST/STM32_USB_Device_Library/Core/Src/usbd_ctlreq.o
 .text.USBD_SetFeature
                0x0000000008007032       0x28 Middlewares/ST/STM32_USB_Device_Library/Core/Src/usbd_ctlreq.o
 .text.USBD_ClrFeature
                0x000000000800705a       0x42 Middlewares/ST/STM32_USB_Device_Library/Core/Src/usbd_ctlreq.o
 .text.USBD_ParseSetupRequest
                0x000000000800709c       0x74 Middlewares/ST/STM32_USB_Device_Library/Core/Src/usbd_ctlreq.o
                0x000000000800709c                USBD_ParseSetupRequest
 .text.USBD_CtlError
                0x0000000008007110       0x22 Middlewares/ST/STM32_USB_Device_Library/Core/Src/usbd_ctlreq.o
                0x0000000008007110                USBD_CtlError
 .text.USBD_GetString
                0x0000000008007132       0x8c Middlewares/ST/STM32_USB_Device_Library/Core/Src/usbd_ctlreq.o
                0x0000000008007132                USBD_GetString
 .text.USBD_GetLen
                0x00000000080071be       0x34 Middlewares/ST/STM32_USB_Device_Library/Core/Src/usbd_ctlreq.o
 .text.USBD_CtlSendData
                0x00000000080071f2       0x36 Middlewares/ST/STM32_USB_Device_Library/Core/Src/usbd_ioreq.o
                0x00000000080071f2                USBD_CtlSendData
 .text.USBD_CtlContinueSendData
                0x0000000008007228       0x22 Middlewares/ST/STM32_USB_Device_Library/Core/Src/usbd_ioreq.o
                0x0000000008007228                USBD_CtlContinueSendData
 .text.USBD_CtlContinueRx
                0x000000000800724a       0x22 Middlewares/ST/STM32_USB_Device_Library/Core/Src/usbd_ioreq.o
                0x000000000800724a                USBD_CtlContinueRx
 .text.USBD_CtlSendStatus
                0x000000000800726c       0x26 Middlewares/ST/STM32_USB_Device_Library/Core/Src/usbd_ioreq.o
                0x000000000800726c                USBD_CtlSendStatus
 .text.USBD_CtlReceiveStatus
                0x0000000008007292       0x26 Middlewares/ST/STM32_USB_Device_Library/Core/Src/usbd_ioreq.o
                0x0000000008007292                USBD_CtlReceiveStatus
 .text.MX_USB_DEVICE_Init
                0x00000000080072b8       0x60 USB_DEVICE/App/usb_device.o
                0x00000000080072b8                MX_USB_DEVICE_Init
 .text.USBD_FS_DeviceDescriptor
                0x0000000008007318       0x24 USB_DEVICE/App/usbd_desc.o
                0x0000000008007318                USBD_FS_DeviceDescriptor
 .text.USBD_FS_LangIDStrDescriptor
                0x000000000800733c       0x24 USB_DEVICE/App/usbd_desc.o
                0x000000000800733c                USBD_FS_LangIDStrDescriptor
 .text.USBD_FS_ProductStrDescriptor
                0x0000000008007360       0x3c USB_DEVICE/App/usbd_desc.o
                0x0000000008007360                USBD_FS_ProductStrDescriptor
 .text.USBD_FS_ManufacturerStrDescriptor
                0x000000000800739c       0x28 USB_DEVICE/App/usbd_desc.o
                0x000000000800739c                USBD_FS_ManufacturerStrDescriptor
 .text.USBD_FS_SerialStrDescriptor
                0x00000000080073c4       0x24 USB_DEVICE/App/usbd_desc.o
                0x00000000080073c4                USBD_FS_SerialStrDescriptor
 .text.USBD_FS_ConfigStrDescriptor
                0x00000000080073e8       0x3c USB_DEVICE/App/usbd_desc.o
                0x00000000080073e8                USBD_FS_ConfigStrDescriptor
 .text.USBD_FS_InterfaceStrDescriptor
                0x0000000008007424       0x3c USB_DEVICE/App/usbd_desc.o
                0x0000000008007424                USBD_FS_InterfaceStrDescriptor
 .text.USBD_FS_USR_BOSDescriptor
                0x0000000008007460       0x24 USB_DEVICE/App/usbd_desc.o
                0x0000000008007460                USBD_FS_USR_BOSDescriptor
 .text.Get_SerialNum
                0x0000000008007484       0x58 USB_DEVICE/App/usbd_desc.o
 .text.IntToUnicode
                0x00000000080074dc       0x7c USB_DEVICE/App/usbd_desc.o
 .text.STORAGE_Init_FS
                0x0000000008007558       0x18 USB_DEVICE/App/usbd_storage_if.o
 .text.STORAGE_GetCapacity_FS
                0x0000000008007570       0x2a USB_DEVICE/App/usbd_storage_if.o
 .text.STORAGE_IsReady_FS
                0x000000000800759a       0x18 USB_DEVICE/App/usbd_storage_if.o
 .text.STORAGE_IsWriteProtected_FS
                0x00000000080075b2       0x18 USB_DEVICE/App/usbd_storage_if.o
 *fill*         0x00000000080075ca        0x2 
 .text.STORAGE_Read_FS
                0x00000000080075cc       0x38 USB_DEVICE/App/usbd_storage_if.o
 .text.STORAGE_Write_FS
                0x0000000008007604       0x38 USB_DEVICE/App/usbd_storage_if.o
 .text.STORAGE_GetMaxLun_FS
                0x000000000800763c       0x10 USB_DEVICE/App/usbd_storage_if.o
 .text.HAL_PCD_MspInit
                0x000000000800764c       0xcc USB_DEVICE/Target/usbd_conf.o
                0x000000000800764c                HAL_PCD_MspInit
 .text.HAL_PCD_SetupStageCallback
                0x0000000008007718       0x24 USB_DEVICE/Target/usbd_conf.o
                0x0000000008007718                HAL_PCD_SetupStageCallback
 .text.HAL_PCD_DataOutStageCallback
                0x000000000800773c       0x36 USB_DEVICE/Target/usbd_conf.o
                0x000000000800773c                HAL_PCD_DataOutStageCallback
 .text.HAL_PCD_DataInStageCallback
                0x0000000008007772       0x34 USB_DEVICE/Target/usbd_conf.o
                0x0000000008007772                HAL_PCD_DataInStageCallback
 .text.HAL_PCD_SOFCallback
                0x00000000080077a6       0x1c USB_DEVICE/Target/usbd_conf.o
                0x00000000080077a6                HAL_PCD_SOFCallback
 .text.HAL_PCD_ResetCallback
                0x00000000080077c2       0x3c USB_DEVICE/Target/usbd_conf.o
                0x00000000080077c2                HAL_PCD_ResetCallback
 *fill*         0x00000000080077fe        0x2 
 .text.HAL_PCD_SuspendCallback
                0x0000000008007800       0x4c USB_DEVICE/Target/usbd_conf.o
                0x0000000008007800                HAL_PCD_SuspendCallback
 .text.HAL_PCD_ResumeCallback
                0x000000000800784c       0x50 USB_DEVICE/Target/usbd_conf.o
                0x000000000800784c                HAL_PCD_ResumeCallback
 .text.HAL_PCD_ISOOUTIncompleteCallback
                0x000000000800789c       0x24 USB_DEVICE/Target/usbd_conf.o
                0x000000000800789c                HAL_PCD_ISOOUTIncompleteCallback
 .text.HAL_PCD_ISOINIncompleteCallback
                0x00000000080078c0       0x24 USB_DEVICE/Target/usbd_conf.o
                0x00000000080078c0                HAL_PCD_ISOINIncompleteCallback
 .text.HAL_PCD_ConnectCallback
                0x00000000080078e4       0x1c USB_DEVICE/Target/usbd_conf.o
                0x00000000080078e4                HAL_PCD_ConnectCallback
 .text.HAL_PCD_DisconnectCallback
                0x0000000008007900       0x1c USB_DEVICE/Target/usbd_conf.o
                0x0000000008007900                HAL_PCD_DisconnectCallback
 .text.USBD_LL_Init
                0x000000000800791c       0x98 USB_DEVICE/Target/usbd_conf.o
                0x000000000800791c                USBD_LL_Init
 .text.USBD_LL_Start
                0x00000000080079b4       0x64 USB_DEVICE/Target/usbd_conf.o
                0x00000000080079b4                USBD_LL_Start
 .text.USBD_LL_OpenEP
                0x0000000008007a18       0x7c USB_DEVICE/Target/usbd_conf.o
                0x0000000008007a18                USBD_LL_OpenEP
 .text.USBD_LL_CloseEP
                0x0000000008007a94       0x6c USB_DEVICE/Target/usbd_conf.o
                0x0000000008007a94                USBD_LL_CloseEP
 .text.USBD_LL_FlushEP
                0x0000000008007b00       0x6c USB_DEVICE/Target/usbd_conf.o
                0x0000000008007b00                USBD_LL_FlushEP
 .text.USBD_LL_StallEP
                0x0000000008007b6c       0x6c USB_DEVICE/Target/usbd_conf.o
                0x0000000008007b6c                USBD_LL_StallEP
 .text.USBD_LL_ClearStallEP
                0x0000000008007bd8       0x6c USB_DEVICE/Target/usbd_conf.o
                0x0000000008007bd8                USBD_LL_ClearStallEP
 .text.USBD_LL_IsStallEP
                0x0000000008007c44       0x58 USB_DEVICE/Target/usbd_conf.o
                0x0000000008007c44                USBD_LL_IsStallEP
 .text.USBD_LL_SetUSBAddress
                0x0000000008007c9c       0x6c USB_DEVICE/Target/usbd_conf.o
                0x0000000008007c9c                USBD_LL_SetUSBAddress
 .text.USBD_LL_Transmit
                0x0000000008007d08       0x70 USB_DEVICE/Target/usbd_conf.o
                0x0000000008007d08                USBD_LL_Transmit
 .text.USBD_LL_PrepareReceive
                0x0000000008007d78       0x70 USB_DEVICE/Target/usbd_conf.o
                0x0000000008007d78                USBD_LL_PrepareReceive
 .text.USBD_LL_GetRxDataSize
                0x0000000008007de8       0x26 USB_DEVICE/Target/usbd_conf.o
                0x0000000008007de8                USBD_LL_GetRxDataSize
 *fill*         0x0000000008007e0e        0x2 
 .text.HAL_PCDEx_LPM_Callback
                0x0000000008007e10       0x9c USB_DEVICE/Target/usbd_conf.o
                0x0000000008007e10                HAL_PCDEx_LPM_Callback
 .text.SystemClockConfig_Resume
                0x0000000008007eac        0xc USB_DEVICE/Target/usbd_conf.o
 .text.__errno  0x0000000008007eb8        0xc c:/st/stm32cubeide_1.4.0/stm32cubeide/plugins/com.st.stm32cube.ide.mcu.externaltools.gnu-tools-for-stm32.7-2018-q2-update.win32_1.4.0.202007081208/tools/bin/../lib/gcc/arm-none-eabi/7.3.1/../../../../arm-none-eabi/lib/thumb/v7e-m/fpv4-sp/hard\libc_nano.a(lib_a-errno.o)
                0x0000000008007eb8                __errno
 .text.__libc_init_array
                0x0000000008007ec4       0x48 c:/st/stm32cubeide_1.4.0/stm32cubeide/plugins/com.st.stm32cube.ide.mcu.externaltools.gnu-tools-for-stm32.7-2018-q2-update.win32_1.4.0.202007081208/tools/bin/../lib/gcc/arm-none-eabi/7.3.1/../../../../arm-none-eabi/lib/thumb/v7e-m/fpv4-sp/hard\libc_nano.a(lib_a-init.o)
                0x0000000008007ec4                __libc_init_array
 .text.malloc   0x0000000008007f0c       0x10 c:/st/stm32cubeide_1.4.0/stm32cubeide/plugins/com.st.stm32cube.ide.mcu.externaltools.gnu-tools-for-stm32.7-2018-q2-update.win32_1.4.0.202007081208/tools/bin/../lib/gcc/arm-none-eabi/7.3.1/../../../../arm-none-eabi/lib/thumb/v7e-m/fpv4-sp/hard\libc_nano.a(lib_a-malloc.o)
                0x0000000008007f0c                malloc
 .text.free     0x0000000008007f1c       0x10 c:/st/stm32cubeide_1.4.0/stm32cubeide/plugins/com.st.stm32cube.ide.mcu.externaltools.gnu-tools-for-stm32.7-2018-q2-update.win32_1.4.0.202007081208/tools/bin/../lib/gcc/arm-none-eabi/7.3.1/../../../../arm-none-eabi/lib/thumb/v7e-m/fpv4-sp/hard\libc_nano.a(lib_a-malloc.o)
                0x0000000008007f1c                free
 .text.memcpy   0x0000000008007f2c       0x16 c:/st/stm32cubeide_1.4.0/stm32cubeide/plugins/com.st.stm32cube.ide.mcu.externaltools.gnu-tools-for-stm32.7-2018-q2-update.win32_1.4.0.202007081208/tools/bin/../lib/gcc/arm-none-eabi/7.3.1/../../../../arm-none-eabi/lib/thumb/v7e-m/fpv4-sp/hard\libc_nano.a(lib_a-memcpy-stub.o)
                0x0000000008007f2c                memcpy
 .text.memset   0x0000000008007f42       0x10 c:/st/stm32cubeide_1.4.0/stm32cubeide/plugins/com.st.stm32cube.ide.mcu.externaltools.gnu-tools-for-stm32.7-2018-q2-update.win32_1.4.0.202007081208/tools/bin/../lib/gcc/arm-none-eabi/7.3.1/../../../../arm-none-eabi/lib/thumb/v7e-m/fpv4-sp/hard\libc_nano.a(lib_a-memset.o)
                0x0000000008007f42                memset
 *fill*         0x0000000008007f52        0x2 
 .text._free_r  0x0000000008007f54       0x9c c:/st/stm32cubeide_1.4.0/stm32cubeide/plugins/com.st.stm32cube.ide.mcu.externaltools.gnu-tools-for-stm32.7-2018-q2-update.win32_1.4.0.202007081208/tools/bin/../lib/gcc/arm-none-eabi/7.3.1/../../../../arm-none-eabi/lib/thumb/v7e-m/fpv4-sp/hard\libc_nano.a(lib_a-nano-freer.o)
                0x0000000008007f54                _free_r
 .text._malloc_r
                0x0000000008007ff0       0xb4 c:/st/stm32cubeide_1.4.0/stm32cubeide/plugins/com.st.stm32cube.ide.mcu.externaltools.gnu-tools-for-stm32.7-2018-q2-update.win32_1.4.0.202007081208/tools/bin/../lib/gcc/arm-none-eabi/7.3.1/../../../../arm-none-eabi/lib/thumb/v7e-m/fpv4-sp/hard\libc_nano.a(lib_a-nano-mallocr.o)
                0x0000000008007ff0                _malloc_r
 .text._sbrk_r  0x00000000080080a4       0x20 c:/st/stm32cubeide_1.4.0/stm32cubeide/plugins/com.st.stm32cube.ide.mcu.externaltools.gnu-tools-for-stm32.7-2018-q2-update.win32_1.4.0.202007081208/tools/bin/../lib/gcc/arm-none-eabi/7.3.1/../../../../arm-none-eabi/lib/thumb/v7e-m/fpv4-sp/hard\libc_nano.a(lib_a-sbrkr.o)
                0x00000000080080a4                _sbrk_r
 .text.__malloc_lock
                0x00000000080080c4        0x2 c:/st/stm32cubeide_1.4.0/stm32cubeide/plugins/com.st.stm32cube.ide.mcu.externaltools.gnu-tools-for-stm32.7-2018-q2-update.win32_1.4.0.202007081208/tools/bin/../lib/gcc/arm-none-eabi/7.3.1/../../../../arm-none-eabi/lib/thumb/v7e-m/fpv4-sp/hard\libc_nano.a(lib_a-mlock.o)
                0x00000000080080c4                __malloc_lock
 .text.__malloc_unlock
                0x00000000080080c6        0x2 c:/st/stm32cubeide_1.4.0/stm32cubeide/plugins/com.st.stm32cube.ide.mcu.externaltools.gnu-tools-for-stm32.7-2018-q2-update.win32_1.4.0.202007081208/tools/bin/../lib/gcc/arm-none-eabi/7.3.1/../../../../arm-none-eabi/lib/thumb/v7e-m/fpv4-sp/hard\libc_nano.a(lib_a-mlock.o)
                0x00000000080080c6                __malloc_unlock
 *(.glue_7)
 .glue_7        0x00000000080080c8        0x0 linker stubs
 *(.glue_7t)
 .glue_7t       0x00000000080080c8        0x0 linker stubs
 *(.eh_frame)
 .eh_frame      0x00000000080080c8        0x0 c:/st/stm32cubeide_1.4.0/stm32cubeide/plugins/com.st.stm32cube.ide.mcu.externaltools.gnu-tools-for-stm32.7-2018-q2-update.win32_1.4.0.202007081208/tools/bin/../lib/gcc/arm-none-eabi/7.3.1/thumb/v7e-m/fpv4-sp/hard/crtbegin.o
 *(.init)
 .init          0x00000000080080c8        0x4 c:/st/stm32cubeide_1.4.0/stm32cubeide/plugins/com.st.stm32cube.ide.mcu.externaltools.gnu-tools-for-stm32.7-2018-q2-update.win32_1.4.0.202007081208/tools/bin/../lib/gcc/arm-none-eabi/7.3.1/thumb/v7e-m/fpv4-sp/hard/crti.o
                0x00000000080080c8                _init
 .init          0x00000000080080cc        0x8 c:/st/stm32cubeide_1.4.0/stm32cubeide/plugins/com.st.stm32cube.ide.mcu.externaltools.gnu-tools-for-stm32.7-2018-q2-update.win32_1.4.0.202007081208/tools/bin/../lib/gcc/arm-none-eabi/7.3.1/thumb/v7e-m/fpv4-sp/hard/crtn.o
 *(.fini)
 .fini          0x00000000080080d4        0x4 c:/st/stm32cubeide_1.4.0/stm32cubeide/plugins/com.st.stm32cube.ide.mcu.externaltools.gnu-tools-for-stm32.7-2018-q2-update.win32_1.4.0.202007081208/tools/bin/../lib/gcc/arm-none-eabi/7.3.1/thumb/v7e-m/fpv4-sp/hard/crti.o
                0x00000000080080d4                _fini
 .fini          0x00000000080080d8        0x8 c:/st/stm32cubeide_1.4.0/stm32cubeide/plugins/com.st.stm32cube.ide.mcu.externaltools.gnu-tools-for-stm32.7-2018-q2-update.win32_1.4.0.202007081208/tools/bin/../lib/gcc/arm-none-eabi/7.3.1/thumb/v7e-m/fpv4-sp/hard/crtn.o
                0x00000000080080e0                . = ALIGN (0x4)
                0x00000000080080e0                _etext = .

.vfp11_veneer   0x00000000080080e0        0x0
 .vfp11_veneer  0x00000000080080e0        0x0 linker stubs

.v4_bx          0x00000000080080e0        0x0
 .v4_bx         0x00000000080080e0        0x0 linker stubs

.iplt           0x00000000080080e0        0x0
 .iplt          0x00000000080080e0        0x0 c:/st/stm32cubeide_1.4.0/stm32cubeide/plugins/com.st.stm32cube.ide.mcu.externaltools.gnu-tools-for-stm32.7-2018-q2-update.win32_1.4.0.202007081208/tools/bin/../lib/gcc/arm-none-eabi/7.3.1/thumb/v7e-m/fpv4-sp/hard/crtbegin.o

.rodata         0x00000000080080e0       0xa8
                0x00000000080080e0                . = ALIGN (0x4)
 *(.rodata)
 .rodata        0x00000000080080e0       0x42 USB_DEVICE/App/usbd_desc.o
 *(.rodata*)
 *fill*         0x0000000008008122        0x2 
 .rodata.AHBPrescTable
                0x0000000008008124       0x10 Core/Src/system_stm32l4xx.o
                0x0000000008008124                AHBPrescTable
 .rodata.MSIRangeTable
                0x0000000008008134       0x30 Core/Src/system_stm32l4xx.o
                0x0000000008008134                MSIRangeTable
 .rodata.STORAGE_Inquirydata_FS
                0x0000000008008164       0x24 USB_DEVICE/App/usbd_storage_if.o
                0x0000000008008164                STORAGE_Inquirydata_FS
                0x0000000008008188                . = ALIGN (0x4)

.rel.dyn        0x0000000008008188        0x0
 .rel.iplt      0x0000000008008188        0x0 c:/st/stm32cubeide_1.4.0/stm32cubeide/plugins/com.st.stm32cube.ide.mcu.externaltools.gnu-tools-for-stm32.7-2018-q2-update.win32_1.4.0.202007081208/tools/bin/../lib/gcc/arm-none-eabi/7.3.1/thumb/v7e-m/fpv4-sp/hard/crtbegin.o

.ARM.extab      0x0000000008008188        0x0
                0x0000000008008188                . = ALIGN (0x4)
 *(.ARM.extab* .gnu.linkonce.armextab.*)
                0x0000000008008188                . = ALIGN (0x4)

.ARM            0x0000000008008188        0x0
                0x0000000008008188                . = ALIGN (0x4)
                0x0000000008008188                __exidx_start = .
 *(.ARM.exidx*)
                0x0000000008008188                __exidx_end = .
                0x0000000008008188                . = ALIGN (0x4)

.preinit_array  0x0000000008008188        0x0
                0x0000000008008188                . = ALIGN (0x4)
                0x0000000008008188                PROVIDE (__preinit_array_start = .)
 *(.preinit_array*)
                0x0000000008008188                PROVIDE (__preinit_array_end = .)
                0x0000000008008188                . = ALIGN (0x4)

.init_array     0x0000000008008188        0x4
                0x0000000008008188                . = ALIGN (0x4)
                0x0000000008008188                PROVIDE (__init_array_start = .)
 *(SORT_BY_NAME(.init_array.*))
 *(.init_array*)
 .init_array    0x0000000008008188        0x4 c:/st/stm32cubeide_1.4.0/stm32cubeide/plugins/com.st.stm32cube.ide.mcu.externaltools.gnu-tools-for-stm32.7-2018-q2-update.win32_1.4.0.202007081208/tools/bin/../lib/gcc/arm-none-eabi/7.3.1/thumb/v7e-m/fpv4-sp/hard/crtbegin.o
                0x000000000800818c                PROVIDE (__init_array_end = .)
                0x000000000800818c                . = ALIGN (0x4)

.fini_array     0x000000000800818c        0x4
                0x000000000800818c                . = ALIGN (0x4)
                [!provide]                        PROVIDE (__fini_array_start = .)
 *(SORT_BY_NAME(.fini_array.*))
 *(.fini_array*)
 .fini_array    0x000000000800818c        0x4 c:/st/stm32cubeide_1.4.0/stm32cubeide/plugins/com.st.stm32cube.ide.mcu.externaltools.gnu-tools-for-stm32.7-2018-q2-update.win32_1.4.0.202007081208/tools/bin/../lib/gcc/arm-none-eabi/7.3.1/thumb/v7e-m/fpv4-sp/hard/crtbegin.o
                [!provide]                        PROVIDE (__fini_array_end = .)
                0x0000000008008190                . = ALIGN (0x4)
                0x0000000008008190                _sidata = LOADADDR (.data)

.data           0x0000000020000000      0x1d8 load address 0x0000000008008190
                0x0000000020000000                . = ALIGN (0x4)
                0x0000000020000000                _sdata = .
 *(.data)
 *(.data*)
 .data.SystemCoreClock
                0x0000000020000000        0x4 Core/Src/system_stm32l4xx.o
                0x0000000020000000                SystemCoreClock
 .data.uwTickPrio
                0x0000000020000004        0x4 Drivers/STM32L4xx_HAL_Driver/Src/stm32l4xx_hal.o
                0x0000000020000004                uwTickPrio
 .data.uwTickFreq
                0x0000000020000008        0x1 Drivers/STM32L4xx_HAL_Driver/Src/stm32l4xx_hal.o
                0x0000000020000008                uwTickFreq
 *fill*         0x0000000020000009        0x3 
 .data.USBD_MSC
                0x000000002000000c       0x38 Middlewares/ST/STM32_USB_Device_Library/Class/MSC/Src/usbd_msc.o
                0x000000002000000c                USBD_MSC
 .data.USBD_MSC_CfgHSDesc
                0x0000000020000044       0x20 Middlewares/ST/STM32_USB_Device_Library/Class/MSC/Src/usbd_msc.o
 .data.USBD_MSC_CfgFSDesc
                0x0000000020000064       0x20 Middlewares/ST/STM32_USB_Device_Library/Class/MSC/Src/usbd_msc.o
 .data.USBD_MSC_OtherSpeedCfgDesc
                0x0000000020000084       0x20 Middlewares/ST/STM32_USB_Device_Library/Class/MSC/Src/usbd_msc.o
 .data.USBD_MSC_DeviceQualifierDesc
                0x00000000200000a4        0xa Middlewares/ST/STM32_USB_Device_Library/Class/MSC/Src/usbd_msc.o
 *fill*         0x00000000200000ae        0x2 
 .data.MSC_Page00_Inquiry_Data
                0x00000000200000b0        0x6 Middlewares/ST/STM32_USB_Device_Library/Class/MSC/Src/usbd_msc_data.o
                0x00000000200000b0                MSC_Page00_Inquiry_Data
 *fill*         0x00000000200000b6        0x2 
 .data.MSC_Page80_Inquiry_Data
                0x00000000200000b8        0x8 Middlewares/ST/STM32_USB_Device_Library/Class/MSC/Src/usbd_msc_data.o
                0x00000000200000b8                MSC_Page80_Inquiry_Data
 .data.MSC_Mode_Sense6_data
                0x00000000200000c0       0x17 Middlewares/ST/STM32_USB_Device_Library/Class/MSC/Src/usbd_msc_data.o
                0x00000000200000c0                MSC_Mode_Sense6_data
 *fill*         0x00000000200000d7        0x1 
 .data.MSC_Mode_Sense10_data
                0x00000000200000d8       0x1b Middlewares/ST/STM32_USB_Device_Library/Class/MSC/Src/usbd_msc_data.o
                0x00000000200000d8                MSC_Mode_Sense10_data
 *fill*         0x00000000200000f3        0x1 
 .data.FS_Desc  0x00000000200000f4       0x20 USB_DEVICE/App/usbd_desc.o
                0x00000000200000f4                FS_Desc
 .data.USBD_FS_DeviceDesc
                0x0000000020000114       0x12 USB_DEVICE/App/usbd_desc.o
                0x0000000020000114                USBD_FS_DeviceDesc
 *fill*         0x0000000020000126        0x2 
 .data.USBD_FS_BOSDesc
                0x0000000020000128        0xc USB_DEVICE/App/usbd_desc.o
                0x0000000020000128                USBD_FS_BOSDesc
 .data.USBD_LangIDDesc
                0x0000000020000134        0x4 USB_DEVICE/App/usbd_desc.o
                0x0000000020000134                USBD_LangIDDesc
 .data.USBD_StringSerial
                0x0000000020000138       0x1a USB_DEVICE/App/usbd_desc.o
                0x0000000020000138                USBD_StringSerial
 *fill*         0x0000000020000152        0x2 
 .data.USBD_Storage_Interface_fops_FS
                0x0000000020000154       0x20 USB_DEVICE/App/usbd_storage_if.o
                0x0000000020000154                USBD_Storage_Interface_fops_FS
 .data._impure_ptr
                0x0000000020000174        0x4 c:/st/stm32cubeide_1.4.0/stm32cubeide/plugins/com.st.stm32cube.ide.mcu.externaltools.gnu-tools-for-stm32.7-2018-q2-update.win32_1.4.0.202007081208/tools/bin/../lib/gcc/arm-none-eabi/7.3.1/../../../../arm-none-eabi/lib/thumb/v7e-m/fpv4-sp/hard\libc_nano.a(lib_a-impure.o)
                0x0000000020000174                _impure_ptr
 .data.impure_data
                0x0000000020000178       0x60 c:/st/stm32cubeide_1.4.0/stm32cubeide/plugins/com.st.stm32cube.ide.mcu.externaltools.gnu-tools-for-stm32.7-2018-q2-update.win32_1.4.0.202007081208/tools/bin/../lib/gcc/arm-none-eabi/7.3.1/../../../../arm-none-eabi/lib/thumb/v7e-m/fpv4-sp/hard\libc_nano.a(lib_a-impure.o)
                0x00000000200001d8                . = ALIGN (0x4)
                0x00000000200001d8                _edata = .

.igot.plt       0x00000000200001d8        0x0 load address 0x0000000008008368
 .igot.plt      0x00000000200001d8        0x0 c:/st/stm32cubeide_1.4.0/stm32cubeide/plugins/com.st.stm32cube.ide.mcu.externaltools.gnu-tools-for-stm32.7-2018-q2-update.win32_1.4.0.202007081208/tools/bin/../lib/gcc/arm-none-eabi/7.3.1/thumb/v7e-m/fpv4-sp/hard/crtbegin.o
                0x00000000200001d8                . = ALIGN (0x4)

.bss            0x00000000200001d8     0x1d0c load address 0x0000000008008368
                0x00000000200001d8                _sbss = .
                0x00000000200001d8                __bss_start__ = _sbss
 *(.bss)
 .bss           0x00000000200001d8       0x1c c:/st/stm32cubeide_1.4.0/stm32cubeide/plugins/com.st.stm32cube.ide.mcu.externaltools.gnu-tools-for-stm32.7-2018-q2-update.win32_1.4.0.202007081208/tools/bin/../lib/gcc/arm-none-eabi/7.3.1/thumb/v7e-m/fpv4-sp/hard/crtbegin.o
 *(.bss*)
 .bss.__sbrk_heap_end
                0x00000000200001f4        0x4 Core/Src/sysmem.o
 .bss.cfgidx.10333
                0x00000000200001f8        0x1 Middlewares/ST/STM32_USB_Device_Library/Core/Src/usbd_ctlreq.o
 *fill*         0x00000000200001f9        0x3 
 .bss.__malloc_free_list
                0x00000000200001fc        0x4 c:/st/stm32cubeide_1.4.0/stm32cubeide/plugins/com.st.stm32cube.ide.mcu.externaltools.gnu-tools-for-stm32.7-2018-q2-update.win32_1.4.0.202007081208/tools/bin/../lib/gcc/arm-none-eabi/7.3.1/../../../../arm-none-eabi/lib/thumb/v7e-m/fpv4-sp/hard\libc_nano.a(lib_a-nano-mallocr.o)
                0x00000000200001fc                __malloc_free_list
 .bss.__malloc_sbrk_start
                0x0000000020000200        0x4 c:/st/stm32cubeide_1.4.0/stm32cubeide/plugins/com.st.stm32cube.ide.mcu.externaltools.gnu-tools-for-stm32.7-2018-q2-update.win32_1.4.0.202007081208/tools/bin/../lib/gcc/arm-none-eabi/7.3.1/../../../../arm-none-eabi/lib/thumb/v7e-m/fpv4-sp/hard\libc_nano.a(lib_a-nano-mallocr.o)
                0x0000000020000200                __malloc_sbrk_start
 *(COMMON)
 COMMON         0x0000000020000204        0x4 Drivers/STM32L4xx_HAL_Driver/Src/stm32l4xx_hal.o
                0x0000000020000204                uwTick
 COMMON         0x0000000020000208      0x2d0 USB_DEVICE/App/usb_device.o
                0x0000000020000208                hUsbDeviceFS
 COMMON         0x00000000200004d8      0x200 USB_DEVICE/App/usbd_desc.o
                0x00000000200004d8                USBD_StrDesc
 COMMON         0x00000000200006d8     0x1400 USB_DEVICE/App/usbd_storage_if.o
                0x00000000200006d8                buffer
 COMMON         0x0000000020001ad8      0x408 USB_DEVICE/Target/usbd_conf.o
                0x0000000020001ad8                hpcd_USB_OTG_FS
 COMMON         0x0000000020001ee0        0x4 c:/st/stm32cubeide_1.4.0/stm32cubeide/plugins/com.st.stm32cube.ide.mcu.externaltools.gnu-tools-for-stm32.7-2018-q2-update.win32_1.4.0.202007081208/tools/bin/../lib/gcc/arm-none-eabi/7.3.1/../../../../arm-none-eabi/lib/thumb/v7e-m/fpv4-sp/hard\libc_nano.a(lib_a-reent.o)
                0x0000000020001ee0                errno
                0x0000000020001ee4                . = ALIGN (0x4)
                0x0000000020001ee4                _ebss = .
                0x0000000020001ee4                __bss_end__ = _ebss

._user_heap_stack
                0x0000000020001ee4     0x1004 load address 0x0000000008008368
                0x0000000020001ee8                . = ALIGN (0x8)
 *fill*         0x0000000020001ee4        0x4 
                [!provide]                        PROVIDE (end = .)
                0x0000000020001ee8                PROVIDE (_end = .)
                0x00000000200026e8                . = (. + _Min_Heap_Size)
 *fill*         0x0000000020001ee8      0x800 
                0x0000000020002ee8                . = (. + _Min_Stack_Size)
 *fill*         0x00000000200026e8      0x800 
                0x0000000020002ee8                . = ALIGN (0x8)

/DISCARD/
 libc.a(*)
 libm.a(*)
 libgcc.a(*)

.ARM.attributes
                0x0000000000000000       0x30
 *(.ARM.attributes)
 .ARM.attributes
                0x0000000000000000       0x22 c:/st/stm32cubeide_1.4.0/stm32cubeide/plugins/com.st.stm32cube.ide.mcu.externaltools.gnu-tools-for-stm32.7-2018-q2-update.win32_1.4.0.202007081208/tools/bin/../lib/gcc/arm-none-eabi/7.3.1/thumb/v7e-m/fpv4-sp/hard/crti.o
 .ARM.attributes
                0x0000000000000022       0x34 c:/st/stm32cubeide_1.4.0/stm32cubeide/plugins/com.st.stm32cube.ide.mcu.externaltools.gnu-tools-for-stm32.7-2018-q2-update.win32_1.4.0.202007081208/tools/bin/../lib/gcc/arm-none-eabi/7.3.1/thumb/v7e-m/fpv4-sp/hard/crtbegin.o
 .ARM.attributes
                0x0000000000000056       0x39 Core/Src/main.o
 .ARM.attributes
                0x000000000000008f       0x39 Core/Src/stm32l4xx_hal_msp.o
 .ARM.attributes
                0x00000000000000c8       0x39 Core/Src/stm32l4xx_it.o
 .ARM.attributes
                0x0000000000000101       0x39 Core/Src/sysmem.o
 .ARM.attributes
                0x000000000000013a       0x39 Core/Src/system_stm32l4xx.o
 .ARM.attributes
                0x0000000000000173       0x21 Core/Startup/startup_stm32l476rgtx.o
 .ARM.attributes
                0x0000000000000194       0x39 Drivers/STM32L4xx_HAL_Driver/Src/stm32l4xx_hal.o
 .ARM.attributes
                0x00000000000001cd       0x39 Drivers/STM32L4xx_HAL_Driver/Src/stm32l4xx_hal_cortex.o
 .ARM.attributes
                0x0000000000000206       0x39 Drivers/STM32L4xx_HAL_Driver/Src/stm32l4xx_hal_gpio.o
 .ARM.attributes
                0x000000000000023f       0x39 Drivers/STM32L4xx_HAL_Driver/Src/stm32l4xx_hal_pcd.o
 .ARM.attributes
                0x0000000000000278       0x39 Drivers/STM32L4xx_HAL_Driver/Src/stm32l4xx_hal_pcd_ex.o
 .ARM.attributes
                0x00000000000002b1       0x39 Drivers/STM32L4xx_HAL_Driver/Src/stm32l4xx_hal_pwr_ex.o
 .ARM.attributes
                0x00000000000002ea       0x39 Drivers/STM32L4xx_HAL_Driver/Src/stm32l4xx_hal_rcc.o
 .ARM.attributes
                0x0000000000000323       0x39 Drivers/STM32L4xx_HAL_Driver/Src/stm32l4xx_hal_rcc_ex.o
 .ARM.attributes
                0x000000000000035c       0x39 Drivers/STM32L4xx_HAL_Driver/Src/stm32l4xx_ll_usb.o
 .ARM.attributes
                0x0000000000000395       0x39 Middlewares/ST/STM32_USB_Device_Library/Class/MSC/Src/usbd_msc.o
 .ARM.attributes
                0x00000000000003ce       0x39 Middlewares/ST/STM32_USB_Device_Library/Class/MSC/Src/usbd_msc_bot.o
 .ARM.attributes
                0x0000000000000407       0x39 Middlewares/ST/STM32_USB_Device_Library/Class/MSC/Src/usbd_msc_data.o
 .ARM.attributes
                0x0000000000000440       0x39 Middlewares/ST/STM32_USB_Device_Library/Class/MSC/Src/usbd_msc_scsi.o
 .ARM.attributes
                0x0000000000000479       0x39 Middlewares/ST/STM32_USB_Device_Library/Core/Src/usbd_core.o
 .ARM.attributes
                0x00000000000004b2       0x39 Middlewares/ST/STM32_USB_Device_Library/Core/Src/usbd_ctlreq.o
 .ARM.attributes
                0x00000000000004eb       0x39 Middlewares/ST/STM32_USB_Device_Library/Core/Src/usbd_ioreq.o
 .ARM.attributes
                0x0000000000000524       0x39 USB_DEVICE/App/usb_device.o
 .ARM.attributes
                0x000000000000055d       0x39 USB_DEVICE/App/usbd_desc.o
 .ARM.attributes
                0x0000000000000596       0x39 USB_DEVICE/App/usbd_storage_if.o
 .ARM.attributes
                0x00000000000005cf       0x39 USB_DEVICE/Target/usbd_conf.o
 .ARM.attributes
                0x0000000000000608       0x34 c:/st/stm32cubeide_1.4.0/stm32cubeide/plugins/com.st.stm32cube.ide.mcu.externaltools.gnu-tools-for-stm32.7-2018-q2-update.win32_1.4.0.202007081208/tools/bin/../lib/gcc/arm-none-eabi/7.3.1/../../../../arm-none-eabi/lib/thumb/v7e-m/fpv4-sp/hard\libc_nano.a(lib_a-errno.o)
 .ARM.attributes
                0x000000000000063c       0x34 c:/st/stm32cubeide_1.4.0/stm32cubeide/plugins/com.st.stm32cube.ide.mcu.externaltools.gnu-tools-for-stm32.7-2018-q2-update.win32_1.4.0.202007081208/tools/bin/../lib/gcc/arm-none-eabi/7.3.1/../../../../arm-none-eabi/lib/thumb/v7e-m/fpv4-sp/hard\libc_nano.a(lib_a-impure.o)
 .ARM.attributes
                0x0000000000000670       0x34 c:/st/stm32cubeide_1.4.0/stm32cubeide/plugins/com.st.stm32cube.ide.mcu.externaltools.gnu-tools-for-stm32.7-2018-q2-update.win32_1.4.0.202007081208/tools/bin/../lib/gcc/arm-none-eabi/7.3.1/../../../../arm-none-eabi/lib/thumb/v7e-m/fpv4-sp/hard\libc_nano.a(lib_a-init.o)
 .ARM.attributes
                0x00000000000006a4       0x34 c:/st/stm32cubeide_1.4.0/stm32cubeide/plugins/com.st.stm32cube.ide.mcu.externaltools.gnu-tools-for-stm32.7-2018-q2-update.win32_1.4.0.202007081208/tools/bin/../lib/gcc/arm-none-eabi/7.3.1/../../../../arm-none-eabi/lib/thumb/v7e-m/fpv4-sp/hard\libc_nano.a(lib_a-malloc.o)
 .ARM.attributes
                0x00000000000006d8       0x34 c:/st/stm32cubeide_1.4.0/stm32cubeide/plugins/com.st.stm32cube.ide.mcu.externaltools.gnu-tools-for-stm32.7-2018-q2-update.win32_1.4.0.202007081208/tools/bin/../lib/gcc/arm-none-eabi/7.3.1/../../../../arm-none-eabi/lib/thumb/v7e-m/fpv4-sp/hard\libc_nano.a(lib_a-memcpy-stub.o)
 .ARM.attributes
                0x000000000000070c       0x34 c:/st/stm32cubeide_1.4.0/stm32cubeide/plugins/com.st.stm32cube.ide.mcu.externaltools.gnu-tools-for-stm32.7-2018-q2-update.win32_1.4.0.202007081208/tools/bin/../lib/gcc/arm-none-eabi/7.3.1/../../../../arm-none-eabi/lib/thumb/v7e-m/fpv4-sp/hard\libc_nano.a(lib_a-memset.o)
 .ARM.attributes
                0x0000000000000740       0x34 c:/st/stm32cubeide_1.4.0/stm32cubeide/plugins/com.st.stm32cube.ide.mcu.externaltools.gnu-tools-for-stm32.7-2018-q2-update.win32_1.4.0.202007081208/tools/bin/../lib/gcc/arm-none-eabi/7.3.1/../../../../arm-none-eabi/lib/thumb/v7e-m/fpv4-sp/hard\libc_nano.a(lib_a-nano-freer.o)
 .ARM.attributes
                0x0000000000000774       0x34 c:/st/stm32cubeide_1.4.0/stm32cubeide/plugins/com.st.stm32cube.ide.mcu.externaltools.gnu-tools-for-stm32.7-2018-q2-update.win32_1.4.0.202007081208/tools/bin/../lib/gcc/arm-none-eabi/7.3.1/../../../../arm-none-eabi/lib/thumb/v7e-m/fpv4-sp/hard\libc_nano.a(lib_a-nano-mallocr.o)
 .ARM.attributes
                0x00000000000007a8       0x34 c:/st/stm32cubeide_1.4.0/stm32cubeide/plugins/com.st.stm32cube.ide.mcu.externaltools.gnu-tools-for-stm32.7-2018-q2-update.win32_1.4.0.202007081208/tools/bin/../lib/gcc/arm-none-eabi/7.3.1/../../../../arm-none-eabi/lib/thumb/v7e-m/fpv4-sp/hard\libc_nano.a(lib_a-sbrkr.o)
 .ARM.attributes
                0x00000000000007dc       0x34 c:/st/stm32cubeide_1.4.0/stm32cubeide/plugins/com.st.stm32cube.ide.mcu.externaltools.gnu-tools-for-stm32.7-2018-q2-update.win32_1.4.0.202007081208/tools/bin/../lib/gcc/arm-none-eabi/7.3.1/../../../../arm-none-eabi/lib/thumb/v7e-m/fpv4-sp/hard\libc_nano.a(lib_a-mlock.o)
 .ARM.attributes
                0x0000000000000810       0x34 c:/st/stm32cubeide_1.4.0/stm32cubeide/plugins/com.st.stm32cube.ide.mcu.externaltools.gnu-tools-for-stm32.7-2018-q2-update.win32_1.4.0.202007081208/tools/bin/../lib/gcc/arm-none-eabi/7.3.1/../../../../arm-none-eabi/lib/thumb/v7e-m/fpv4-sp/hard\libc_nano.a(lib_a-reent.o)
 .ARM.attributes
                0x0000000000000844       0x22 c:/st/stm32cubeide_1.4.0/stm32cubeide/plugins/com.st.stm32cube.ide.mcu.externaltools.gnu-tools-for-stm32.7-2018-q2-update.win32_1.4.0.202007081208/tools/bin/../lib/gcc/arm-none-eabi/7.3.1/thumb/v7e-m/fpv4-sp/hard/crtn.o
OUTPUT(usb-msc.elf elf32-littlearm)

.debug_info     0x0000000000000000    0x18fc2
 .debug_info    0x0000000000000000     0x10cb Core/Src/main.o
 .debug_info    0x00000000000010cb      0x4f9 Core/Src/stm32l4xx_hal_msp.o
 .debug_info    0x00000000000015c4      0x804 Core/Src/stm32l4xx_it.o
 .debug_info    0x0000000000001dc8      0x985 Core/Src/sysmem.o
 .debug_info    0x000000000000274d      0x727 Core/Src/system_stm32l4xx.o
 .debug_info    0x0000000000002e74       0x22 Core/Startup/startup_stm32l476rgtx.o
 .debug_info    0x0000000000002e96      0xc20 Drivers/STM32L4xx_HAL_Driver/Src/stm32l4xx_hal.o
 .debug_info    0x0000000000003ab6      0xf6d Drivers/STM32L4xx_HAL_Driver/Src/stm32l4xx_hal_cortex.o
 .debug_info    0x0000000000004a23      0x9c2 Drivers/STM32L4xx_HAL_Driver/Src/stm32l4xx_hal_gpio.o
 .debug_info    0x00000000000053e5     0x12c1 Drivers/STM32L4xx_HAL_Driver/Src/stm32l4xx_hal_pcd.o
 .debug_info    0x00000000000066a6      0xa06 Drivers/STM32L4xx_HAL_Driver/Src/stm32l4xx_hal_pcd_ex.o
 .debug_info    0x00000000000070ac      0xb35 Drivers/STM32L4xx_HAL_Driver/Src/stm32l4xx_hal_pwr_ex.o
 .debug_info    0x0000000000007be1      0xd2f Drivers/STM32L4xx_HAL_Driver/Src/stm32l4xx_hal_rcc.o
 .debug_info    0x0000000000008910      0xf41 Drivers/STM32L4xx_HAL_Driver/Src/stm32l4xx_hal_rcc_ex.o
 .debug_info    0x0000000000009851     0x1a46 Drivers/STM32L4xx_HAL_Driver/Src/stm32l4xx_ll_usb.o
 .debug_info    0x000000000000b297     0x155e Middlewares/ST/STM32_USB_Device_Library/Class/MSC/Src/usbd_msc.o
 .debug_info    0x000000000000c7f5     0x14df Middlewares/ST/STM32_USB_Device_Library/Class/MSC/Src/usbd_msc_bot.o
 .debug_info    0x000000000000dcd4      0xb65 Middlewares/ST/STM32_USB_Device_Library/Class/MSC/Src/usbd_msc_data.o
 .debug_info    0x000000000000e839     0x1aec Middlewares/ST/STM32_USB_Device_Library/Class/MSC/Src/usbd_msc_scsi.o
 .debug_info    0x0000000000010325     0x13be Middlewares/ST/STM32_USB_Device_Library/Core/Src/usbd_core.o
 .debug_info    0x00000000000116e3     0x1388 Middlewares/ST/STM32_USB_Device_Library/Core/Src/usbd_ctlreq.o
 .debug_info    0x0000000000012a6b     0x10d3 Middlewares/ST/STM32_USB_Device_Library/Core/Src/usbd_ioreq.o
 .debug_info    0x0000000000013b3e     0x1070 USB_DEVICE/App/usb_device.o
 .debug_info    0x0000000000014bae      0xec6 USB_DEVICE/App/usbd_desc.o
 .debug_info    0x0000000000015a74     0x121a USB_DEVICE/App/usbd_storage_if.o
 .debug_info    0x0000000000016c8e     0x2334 USB_DEVICE/Target/usbd_conf.o

.debug_abbrev   0x0000000000000000     0x35f1
 .debug_abbrev  0x0000000000000000      0x206 Core/Src/main.o
 .debug_abbrev  0x0000000000000206      0x125 Core/Src/stm32l4xx_hal_msp.o
 .debug_abbrev  0x000000000000032b      0x164 Core/Src/stm32l4xx_it.o
 .debug_abbrev  0x000000000000048f      0x19b Core/Src/sysmem.o
 .debug_abbrev  0x000000000000062a      0x150 Core/Src/system_stm32l4xx.o
 .debug_abbrev  0x000000000000077a       0x12 Core/Startup/startup_stm32l476rgtx.o
 .debug_abbrev  0x000000000000078c      0x1fb Drivers/STM32L4xx_HAL_Driver/Src/stm32l4xx_hal.o
 .debug_abbrev  0x0000000000000987      0x2fa Drivers/STM32L4xx_HAL_Driver/Src/stm32l4xx_hal_cortex.o
 .debug_abbrev  0x0000000000000c81      0x1c0 Drivers/STM32L4xx_HAL_Driver/Src/stm32l4xx_hal_gpio.o
 .debug_abbrev  0x0000000000000e41      0x266 Drivers/STM32L4xx_HAL_Driver/Src/stm32l4xx_hal_pcd.o
 .debug_abbrev  0x00000000000010a7      0x214 Drivers/STM32L4xx_HAL_Driver/Src/stm32l4xx_hal_pcd_ex.o
 .debug_abbrev  0x00000000000012bb      0x1cb Drivers/STM32L4xx_HAL_Driver/Src/stm32l4xx_hal_pwr_ex.o
 .debug_abbrev  0x0000000000001486      0x245 Drivers/STM32L4xx_HAL_Driver/Src/stm32l4xx_hal_rcc.o
 .debug_abbrev  0x00000000000016cb      0x238 Drivers/STM32L4xx_HAL_Driver/Src/stm32l4xx_hal_rcc_ex.o
 .debug_abbrev  0x0000000000001903      0x26d Drivers/STM32L4xx_HAL_Driver/Src/stm32l4xx_ll_usb.o
 .debug_abbrev  0x0000000000001b70      0x290 Middlewares/ST/STM32_USB_Device_Library/Class/MSC/Src/usbd_msc.o
 .debug_abbrev  0x0000000000001e00      0x2c4 Middlewares/ST/STM32_USB_Device_Library/Class/MSC/Src/usbd_msc_bot.o
 .debug_abbrev  0x00000000000020c4      0x186 Middlewares/ST/STM32_USB_Device_Library/Class/MSC/Src/usbd_msc_data.o
 .debug_abbrev  0x000000000000224a      0x2dd Middlewares/ST/STM32_USB_Device_Library/Class/MSC/Src/usbd_msc_scsi.o
 .debug_abbrev  0x0000000000002527      0x27d Middlewares/ST/STM32_USB_Device_Library/Core/Src/usbd_core.o
 .debug_abbrev  0x00000000000027a4      0x2ba Middlewares/ST/STM32_USB_Device_Library/Core/Src/usbd_ctlreq.o
 .debug_abbrev  0x0000000000002a5e      0x1fc Middlewares/ST/STM32_USB_Device_Library/Core/Src/usbd_ioreq.o
 .debug_abbrev  0x0000000000002c5a      0x1da USB_DEVICE/App/usb_device.o
 .debug_abbrev  0x0000000000002e34      0x265 USB_DEVICE/App/usbd_desc.o
 .debug_abbrev  0x0000000000003099      0x25a USB_DEVICE/App/usbd_storage_if.o
 .debug_abbrev  0x00000000000032f3      0x2fe USB_DEVICE/Target/usbd_conf.o

.debug_aranges  0x0000000000000000      0xec0
 .debug_aranges
                0x0000000000000000       0x38 Core/Src/main.o
 .debug_aranges
                0x0000000000000038       0x20 Core/Src/stm32l4xx_hal_msp.o
 .debug_aranges
                0x0000000000000058       0x68 Core/Src/stm32l4xx_it.o
 .debug_aranges
                0x00000000000000c0       0x20 Core/Src/sysmem.o
 .debug_aranges
                0x00000000000000e0       0x28 Core/Src/system_stm32l4xx.o
 .debug_aranges
                0x0000000000000108       0x28 Core/Startup/startup_stm32l476rgtx.o
 .debug_aranges
                0x0000000000000130      0x130 Drivers/STM32L4xx_HAL_Driver/Src/stm32l4xx_hal.o
 .debug_aranges
                0x0000000000000260      0x118 Drivers/STM32L4xx_HAL_Driver/Src/stm32l4xx_hal_cortex.o
 .debug_aranges
                0x0000000000000378       0x58 Drivers/STM32L4xx_HAL_Driver/Src/stm32l4xx_hal_gpio.o
 .debug_aranges
                0x00000000000003d0      0x130 Drivers/STM32L4xx_HAL_Driver/Src/stm32l4xx_hal_pcd.o
 .debug_aranges
                0x0000000000000500       0x60 Drivers/STM32L4xx_HAL_Driver/Src/stm32l4xx_hal_pcd_ex.o
 .debug_aranges
                0x0000000000000560      0x150 Drivers/STM32L4xx_HAL_Driver/Src/stm32l4xx_hal_pwr_ex.o
 .debug_aranges
                0x00000000000006b0       0x88 Drivers/STM32L4xx_HAL_Driver/Src/stm32l4xx_hal_rcc.o
 .debug_aranges
                0x0000000000000738       0xc0 Drivers/STM32L4xx_HAL_Driver/Src/stm32l4xx_hal_rcc_ex.o
 .debug_aranges
                0x00000000000007f8      0x198 Drivers/STM32L4xx_HAL_Driver/Src/stm32l4xx_ll_usb.o
 .debug_aranges
                0x0000000000000990       0x68 Middlewares/ST/STM32_USB_Device_Library/Class/MSC/Src/usbd_msc.o
 .debug_aranges
                0x00000000000009f8       0x68 Middlewares/ST/STM32_USB_Device_Library/Class/MSC/Src/usbd_msc_bot.o
 .debug_aranges
                0x0000000000000a60       0x18 Middlewares/ST/STM32_USB_Device_Library/Class/MSC/Src/usbd_msc_data.o
 .debug_aranges
                0x0000000000000a78       0xc0 Middlewares/ST/STM32_USB_Device_Library/Class/MSC/Src/usbd_msc_scsi.o
 .debug_aranges
                0x0000000000000b38       0xb8 Middlewares/ST/STM32_USB_Device_Library/Core/Src/usbd_core.o
 .debug_aranges
                0x0000000000000bf0       0x90 Middlewares/ST/STM32_USB_Device_Library/Core/Src/usbd_ctlreq.o
 .debug_aranges
                0x0000000000000c80       0x50 Middlewares/ST/STM32_USB_Device_Library/Core/Src/usbd_ioreq.o
 .debug_aranges
                0x0000000000000cd0       0x20 USB_DEVICE/App/usb_device.o
 .debug_aranges
                0x0000000000000cf0       0x68 USB_DEVICE/App/usbd_desc.o
 .debug_aranges
                0x0000000000000d58       0x50 USB_DEVICE/App/usbd_storage_if.o
 .debug_aranges
                0x0000000000000da8      0x118 USB_DEVICE/Target/usbd_conf.o

.debug_ranges   0x0000000000000000      0xd20
 .debug_ranges  0x0000000000000000       0x28 Core/Src/main.o
 .debug_ranges  0x0000000000000028       0x10 Core/Src/stm32l4xx_hal_msp.o
 .debug_ranges  0x0000000000000038       0x58 Core/Src/stm32l4xx_it.o
 .debug_ranges  0x0000000000000090       0x10 Core/Src/sysmem.o
 .debug_ranges  0x00000000000000a0       0x18 Core/Src/system_stm32l4xx.o
 .debug_ranges  0x00000000000000b8       0x20 Core/Startup/startup_stm32l476rgtx.o
 .debug_ranges  0x00000000000000d8      0x120 Drivers/STM32L4xx_HAL_Driver/Src/stm32l4xx_hal.o
 .debug_ranges  0x00000000000001f8      0x108 Drivers/STM32L4xx_HAL_Driver/Src/stm32l4xx_hal_cortex.o
 .debug_ranges  0x0000000000000300       0x48 Drivers/STM32L4xx_HAL_Driver/Src/stm32l4xx_hal_gpio.o
 .debug_ranges  0x0000000000000348      0x120 Drivers/STM32L4xx_HAL_Driver/Src/stm32l4xx_hal_pcd.o
 .debug_ranges  0x0000000000000468       0x50 Drivers/STM32L4xx_HAL_Driver/Src/stm32l4xx_hal_pcd_ex.o
 .debug_ranges  0x00000000000004b8      0x140 Drivers/STM32L4xx_HAL_Driver/Src/stm32l4xx_hal_pwr_ex.o
 .debug_ranges  0x00000000000005f8       0x78 Drivers/STM32L4xx_HAL_Driver/Src/stm32l4xx_hal_rcc.o
 .debug_ranges  0x0000000000000670       0xb0 Drivers/STM32L4xx_HAL_Driver/Src/stm32l4xx_hal_rcc_ex.o
 .debug_ranges  0x0000000000000720      0x188 Drivers/STM32L4xx_HAL_Driver/Src/stm32l4xx_ll_usb.o
 .debug_ranges  0x00000000000008a8       0x58 Middlewares/ST/STM32_USB_Device_Library/Class/MSC/Src/usbd_msc.o
 .debug_ranges  0x0000000000000900       0x58 Middlewares/ST/STM32_USB_Device_Library/Class/MSC/Src/usbd_msc_bot.o
 .debug_ranges  0x0000000000000958       0xb0 Middlewares/ST/STM32_USB_Device_Library/Class/MSC/Src/usbd_msc_scsi.o
 .debug_ranges  0x0000000000000a08       0xa8 Middlewares/ST/STM32_USB_Device_Library/Core/Src/usbd_core.o
 .debug_ranges  0x0000000000000ab0       0x80 Middlewares/ST/STM32_USB_Device_Library/Core/Src/usbd_ctlreq.o
 .debug_ranges  0x0000000000000b30       0x40 Middlewares/ST/STM32_USB_Device_Library/Core/Src/usbd_ioreq.o
 .debug_ranges  0x0000000000000b70       0x10 USB_DEVICE/App/usb_device.o
 .debug_ranges  0x0000000000000b80       0x58 USB_DEVICE/App/usbd_desc.o
 .debug_ranges  0x0000000000000bd8       0x40 USB_DEVICE/App/usbd_storage_if.o
 .debug_ranges  0x0000000000000c18      0x108 USB_DEVICE/Target/usbd_conf.o

.debug_macro    0x0000000000000000    0x29628
 .debug_macro   0x0000000000000000      0x3c1 Core/Src/main.o
 .debug_macro   0x00000000000003c1      0xa5a Core/Src/main.o
 .debug_macro   0x0000000000000e1b      0x1a7 Core/Src/main.o
 .debug_macro   0x0000000000000fc2       0x2e Core/Src/main.o
 .debug_macro   0x0000000000000ff0       0x28 Core/Src/main.o
 .debug_macro   0x0000000000001018       0x22 Core/Src/main.o
 .debug_macro   0x000000000000103a       0x8e Core/Src/main.o
 .debug_macro   0x00000000000010c8       0x51 Core/Src/main.o
 .debug_macro   0x0000000000001119       0xef Core/Src/main.o
 .debug_macro   0x0000000000001208       0x6a Core/Src/main.o
 .debug_macro   0x0000000000001272      0x1df Core/Src/main.o
 .debug_macro   0x0000000000001451       0x1c Core/Src/main.o
 .debug_macro   0x000000000000146d       0x22 Core/Src/main.o
 .debug_macro   0x000000000000148f      0x101 Core/Src/main.o
 .debug_macro   0x0000000000001590     0x1011 Core/Src/main.o
 .debug_macro   0x00000000000025a1      0x11f Core/Src/main.o
 .debug_macro   0x00000000000026c0    0x1a13d Core/Src/main.o
 .debug_macro   0x000000000001c7fd       0x43 Core/Src/main.o
 .debug_macro   0x000000000001c840     0x3890 Core/Src/main.o
 .debug_macro   0x00000000000200d0      0x174 Core/Src/main.o
 .debug_macro   0x0000000000020244       0x5c Core/Src/main.o
 .debug_macro   0x00000000000202a0     0x155f Core/Src/main.o
 .debug_macro   0x00000000000217ff      0x59e Core/Src/main.o
 .debug_macro   0x0000000000021d9d      0x13d Core/Src/main.o
 .debug_macro   0x0000000000021eda      0x18b Core/Src/main.o
 .debug_macro   0x0000000000022065      0x26b Core/Src/main.o
 .debug_macro   0x00000000000222d0      0x23d Core/Src/main.o
 .debug_macro   0x000000000002250d      0x241 Core/Src/main.o
 .debug_macro   0x000000000002274e      0x37c Core/Src/main.o
 .debug_macro   0x0000000000022aca       0xd6 Core/Src/main.o
 .debug_macro   0x0000000000022ba0      0x22c Core/Src/main.o
 .debug_macro   0x0000000000022dcc       0x61 Core/Src/main.o
 .debug_macro   0x0000000000022e2d       0xa5 Core/Src/main.o
 .debug_macro   0x0000000000022ed2      0x1ed Core/Src/main.o
 .debug_macro   0x00000000000230bf       0x97 Core/Src/main.o
 .debug_macro   0x0000000000023156      0x122 Core/Src/main.o
 .debug_macro   0x0000000000023278      0x3e9 Core/Src/main.o
 .debug_macro   0x0000000000023661      0x331 Core/Src/main.o
 .debug_macro   0x0000000000023992       0x46 Core/Src/main.o
 .debug_macro   0x00000000000239d8       0x18 Core/Src/main.o
 .debug_macro   0x00000000000239f0       0x3c Core/Src/main.o
 .debug_macro   0x0000000000023a2c       0x34 Core/Src/main.o
 .debug_macro   0x0000000000023a60       0x16 Core/Src/main.o
 .debug_macro   0x0000000000023a76       0x35 Core/Src/main.o
 .debug_macro   0x0000000000023aab      0x32a Core/Src/main.o
 .debug_macro   0x0000000000023dd5       0x10 Core/Src/main.o
 .debug_macro   0x0000000000023de5       0x52 Core/Src/main.o
 .debug_macro   0x0000000000023e37       0x1f Core/Src/main.o
 .debug_macro   0x0000000000023e56       0x43 Core/Src/main.o
 .debug_macro   0x0000000000023e99       0x20 Core/Src/main.o
 .debug_macro   0x0000000000023eb9      0x1a3 Core/Src/main.o
 .debug_macro   0x000000000002405c       0x10 Core/Src/main.o
 .debug_macro   0x000000000002406c       0x1c Core/Src/main.o
 .debug_macro   0x0000000000024088       0x52 Core/Src/main.o
 .debug_macro   0x00000000000240da       0x40 Core/Src/main.o
 .debug_macro   0x000000000002411a       0x10 Core/Src/main.o
 .debug_macro   0x000000000002412a       0x40 Core/Src/main.o
 .debug_macro   0x000000000002416a       0xd7 Core/Src/main.o
 .debug_macro   0x0000000000024241       0x1c Core/Src/main.o
 .debug_macro   0x000000000002425d       0x3d Core/Src/main.o
 .debug_macro   0x000000000002429a       0x16 Core/Src/main.o
 .debug_macro   0x00000000000242b0      0x145 Core/Src/main.o
 .debug_macro   0x00000000000243f5       0x16 Core/Src/main.o
 .debug_macro   0x000000000002440b       0x16 Core/Src/main.o
 .debug_macro   0x0000000000024421       0x29 Core/Src/main.o
 .debug_macro   0x000000000002444a       0x16 Core/Src/main.o
 .debug_macro   0x0000000000024460       0x20 Core/Src/main.o
 .debug_macro   0x0000000000024480       0x65 Core/Src/main.o
 .debug_macro   0x00000000000244e5      0x1c4 Core/Src/main.o
 .debug_macro   0x00000000000246a9      0x1df Core/Src/stm32l4xx_hal_msp.o
 .debug_macro   0x0000000000024888      0x1e9 Core/Src/stm32l4xx_it.o
 .debug_macro   0x0000000000024a71       0xee Core/Src/sysmem.o
 .debug_macro   0x0000000000024b5f      0x23b Core/Src/sysmem.o
 .debug_macro   0x0000000000024d9a      0x1db Core/Src/system_stm32l4xx.o
 .debug_macro   0x0000000000024f75      0x223 Drivers/STM32L4xx_HAL_Driver/Src/stm32l4xx_hal.o
 .debug_macro   0x0000000000025198      0x1d5 Drivers/STM32L4xx_HAL_Driver/Src/stm32l4xx_hal_cortex.o
 .debug_macro   0x000000000002536d      0x214 Drivers/STM32L4xx_HAL_Driver/Src/stm32l4xx_hal_gpio.o
 .debug_macro   0x0000000000025581      0x1e1 Drivers/STM32L4xx_HAL_Driver/Src/stm32l4xx_hal_pcd.o
 .debug_macro   0x0000000000025762      0x1d5 Drivers/STM32L4xx_HAL_Driver/Src/stm32l4xx_hal_pcd_ex.o
 .debug_macro   0x0000000000025937      0x1f9 Drivers/STM32L4xx_HAL_Driver/Src/stm32l4xx_hal_pwr_ex.o
 .debug_macro   0x0000000000025b30      0x217 Drivers/STM32L4xx_HAL_Driver/Src/stm32l4xx_hal_rcc.o
 .debug_macro   0x0000000000025d47      0x20b Drivers/STM32L4xx_HAL_Driver/Src/stm32l4xx_hal_rcc_ex.o
 .debug_macro   0x0000000000025f52      0x1d5 Drivers/STM32L4xx_HAL_Driver/Src/stm32l4xx_ll_usb.o
 .debug_macro   0x0000000000026127      0x408 Middlewares/ST/STM32_USB_Device_Library/Class/MSC/Src/usbd_msc.o
 .debug_macro   0x000000000002652f       0x97 Middlewares/ST/STM32_USB_Device_Library/Class/MSC/Src/usbd_msc.o
 .debug_macro   0x00000000000265c6       0xfd Middlewares/ST/STM32_USB_Device_Library/Class/MSC/Src/usbd_msc.o
 .debug_macro   0x00000000000266c3       0xfb Middlewares/ST/STM32_USB_Device_Library/Class/MSC/Src/usbd_msc.o
 .debug_macro   0x00000000000267be       0x56 Middlewares/ST/STM32_USB_Device_Library/Class/MSC/Src/usbd_msc.o
 .debug_macro   0x0000000000026814      0x1ca Middlewares/ST/STM32_USB_Device_Library/Class/MSC/Src/usbd_msc.o
 .debug_macro   0x00000000000269de       0x7c Middlewares/ST/STM32_USB_Device_Library/Class/MSC/Src/usbd_msc.o
 .debug_macro   0x0000000000026a5a      0x160 Middlewares/ST/STM32_USB_Device_Library/Class/MSC/Src/usbd_msc.o
 .debug_macro   0x0000000000026bba       0x34 Middlewares/ST/STM32_USB_Device_Library/Class/MSC/Src/usbd_msc.o
 .debug_macro   0x0000000000026bee      0x410 Middlewares/ST/STM32_USB_Device_Library/Class/MSC/Src/usbd_msc_bot.o
 .debug_macro   0x0000000000026ffe      0x3b1 Middlewares/ST/STM32_USB_Device_Library/Class/MSC/Src/usbd_msc_data.o
 .debug_macro   0x00000000000273af       0x22 Middlewares/ST/STM32_USB_Device_Library/Class/MSC/Src/usbd_msc_data.o
 .debug_macro   0x00000000000273d1      0x419 Middlewares/ST/STM32_USB_Device_Library/Class/MSC/Src/usbd_msc_scsi.o
 .debug_macro   0x00000000000277ea       0x28 Middlewares/ST/STM32_USB_Device_Library/Class/MSC/Src/usbd_msc_scsi.o
 .debug_macro   0x0000000000027812      0x3d3 Middlewares/ST/STM32_USB_Device_Library/Core/Src/usbd_core.o
 .debug_macro   0x0000000000027be5      0x3dd Middlewares/ST/STM32_USB_Device_Library/Core/Src/usbd_ctlreq.o
 .debug_macro   0x0000000000027fc2      0x3d9 Middlewares/ST/STM32_USB_Device_Library/Core/Src/usbd_ioreq.o
 .debug_macro   0x000000000002839b      0x425 USB_DEVICE/App/usb_device.o
 .debug_macro   0x00000000000287c0       0x22 USB_DEVICE/App/usb_device.o
 .debug_macro   0x00000000000287e2       0x82 USB_DEVICE/App/usb_device.o
 .debug_macro   0x0000000000028864      0x166 USB_DEVICE/App/usb_device.o